main.c:92:5:main	104	static
main.c:181:6:SystemClock_Config	232	static
main.c:257:13:MX_DFSDM1_Init	8	static
main.c:295:13:MX_I2C2_Init	8	static
main.c:341:13:MX_QUADSPI_Init	8	static
main.c:374:13:MX_SPI3_Init	8	static
main.c:414:13:MX_USART1_UART_Init	8	static
main.c:449:13:MX_USART3_UART_Init	8	static
main.c:484:13:MX_USB_OTG_FS_PCD_Init	8	static
main.c:519:13:MX_GPIO_Init	48	static
main.c:712:6:StartBlink1	16	static
main.c:731:6:StartBlink2	16	static
main.c:750:6:StartPrintTask	16	static
main.c:770:6:HAL_TIM_PeriodElapsedCallback	16	static
main.c:787:6:Error_Handler	4	static
