stm32l4xx_hal_dfsdm.c:358:19:HAL_DFSDM_ChannelInit	16	static
stm32l4xx_hal_dfsdm.c:465:19:HAL_DFSDM_ChannelDeInit	16	static
stm32l4xx_hal_dfsdm.c:519:13:HAL_DFSDM_ChannelMspInit	16	static
stm32l4xx_hal_dfsdm.c:534:13:HAL_DFSDM_ChannelMspDeInit	16	static
stm32l4xx_hal_dfsdm.c:711:19:HAL_DFSDM_ChannelCkabStart	32	static
stm32l4xx_hal_dfsdm.c:764:19:HAL_DFSDM_ChannelPollForCkab	24	static
stm32l4xx_hal_dfsdm.c:814:19:HAL_DFSDM_ChannelCkabStop	24	static
stm32l4xx_hal_dfsdm.c:850:19:HAL_DFSDM_ChannelCkabStart_IT	32	static
stm32l4xx_hal_dfsdm.c:905:13:HAL_DFSDM_ChannelCkabCallback	16	static
stm32l4xx_hal_dfsdm.c:921:19:HAL_DFSDM_ChannelCkabStop_IT	24	static
stm32l4xx_hal_dfsdm.c:961:19:HAL_DFSDM_ChannelScdStart	32	static
stm32l4xx_hal_dfsdm.c:998:19:HAL_DFSDM_ChannelPollForScd	24	static
stm32l4xx_hal_dfsdm.c:1048:19:HAL_DFSDM_ChannelScdStop	24	static
stm32l4xx_hal_dfsdm.c:1085:19:HAL_DFSDM_ChannelScdStart_IT	32	static
stm32l4xx_hal_dfsdm.c:1124:13:HAL_DFSDM_ChannelScdCallback	16	static
stm32l4xx_hal_dfsdm.c:1140:19:HAL_DFSDM_ChannelScdStop_IT	24	static
stm32l4xx_hal_dfsdm.c:1175:9:HAL_DFSDM_ChannelGetAwdValue	16	static
stm32l4xx_hal_dfsdm.c:1187:19:HAL_DFSDM_ChannelModifyOffset	24	static
stm32l4xx_hal_dfsdm.c:1234:32:HAL_DFSDM_ChannelGetState	16	static
stm32l4xx_hal_dfsdm.c:1264:19:HAL_DFSDM_FilterInit	16	static
stm32l4xx_hal_dfsdm.c:1391:19:HAL_DFSDM_FilterDeInit	16	static
stm32l4xx_hal_dfsdm.c:1427:13:HAL_DFSDM_FilterMspInit	16	static
stm32l4xx_hal_dfsdm.c:1442:13:HAL_DFSDM_FilterMspDeInit	16	static
stm32l4xx_hal_dfsdm.c:1716:19:HAL_DFSDM_FilterConfigRegChannel	32	static
stm32l4xx_hal_dfsdm.c:1761:19:HAL_DFSDM_FilterConfigInjChannel	24	static
stm32l4xx_hal_dfsdm.c:1831:19:HAL_DFSDM_FilterRegularStart	24	static
stm32l4xx_hal_dfsdm.c:1860:19:HAL_DFSDM_FilterPollForRegConversion	24	static
stm32l4xx_hal_dfsdm.c:1925:19:HAL_DFSDM_FilterRegularStop	24	static
stm32l4xx_hal_dfsdm.c:1955:19:HAL_DFSDM_FilterRegularStart_IT	24	static
stm32l4xx_hal_dfsdm.c:1986:19:HAL_DFSDM_FilterRegularStop_IT	24	static
stm32l4xx_hal_dfsdm.c:2024:19:HAL_DFSDM_FilterRegularStart_DMA	32	static
stm32l4xx_hal_dfsdm.c:2101:19:HAL_DFSDM_FilterRegularMsbStart_DMA	32	static
stm32l4xx_hal_dfsdm.c:2172:19:HAL_DFSDM_FilterRegularStop_DMA	24	static
stm32l4xx_hal_dfsdm.c:2211:9:HAL_DFSDM_FilterGetRegularValue	24	static
stm32l4xx_hal_dfsdm.c:2242:19:HAL_DFSDM_FilterInjectedStart	24	static
stm32l4xx_hal_dfsdm.c:2271:19:HAL_DFSDM_FilterPollForInjConversion	24	static
stm32l4xx_hal_dfsdm.c:2346:19:HAL_DFSDM_FilterInjectedStop	24	static
stm32l4xx_hal_dfsdm.c:2376:19:HAL_DFSDM_FilterInjectedStart_IT	24	static
stm32l4xx_hal_dfsdm.c:2407:19:HAL_DFSDM_FilterInjectedStop_IT	24	static
stm32l4xx_hal_dfsdm.c:2445:19:HAL_DFSDM_FilterInjectedStart_DMA	32	static
stm32l4xx_hal_dfsdm.c:2520:19:HAL_DFSDM_FilterInjectedMsbStart_DMA	32	static
stm32l4xx_hal_dfsdm.c:2589:19:HAL_DFSDM_FilterInjectedStop_DMA	24	static
stm32l4xx_hal_dfsdm.c:2628:9:HAL_DFSDM_FilterGetInjectedValue	24	static
stm32l4xx_hal_dfsdm.c:2658:19:HAL_DFSDM_FilterAwdStart_IT	24	static
stm32l4xx_hal_dfsdm.c:2707:19:HAL_DFSDM_FilterAwdStop_IT	24	static
stm32l4xx_hal_dfsdm.c:2747:19:HAL_DFSDM_FilterExdStart	24	static
stm32l4xx_hal_dfsdm.c:2778:19:HAL_DFSDM_FilterExdStop	32	static
stm32l4xx_hal_dfsdm.c:2816:9:HAL_DFSDM_FilterGetExdMaxValue	24	static
stm32l4xx_hal_dfsdm.c:2847:9:HAL_DFSDM_FilterGetExdMinValue	24	static
stm32l4xx_hal_dfsdm.c:2877:10:HAL_DFSDM_FilterGetConvTimeValue	24	static
stm32l4xx_hal_dfsdm.c:2900:6:HAL_DFSDM_IRQHandler	56	static
stm32l4xx_hal_dfsdm.c:3093:13:HAL_DFSDM_FilterRegConvCpltCallback	16	static
stm32l4xx_hal_dfsdm.c:3108:13:HAL_DFSDM_FilterRegConvHalfCpltCallback	16	static
stm32l4xx_hal_dfsdm.c:3125:13:HAL_DFSDM_FilterInjConvCpltCallback	16	static
stm32l4xx_hal_dfsdm.c:3140:13:HAL_DFSDM_FilterInjConvHalfCpltCallback	16	static
stm32l4xx_hal_dfsdm.c:3157:13:HAL_DFSDM_FilterAwdCallback	24	static
stm32l4xx_hal_dfsdm.c:3175:13:HAL_DFSDM_FilterErrorCallback	16	static
stm32l4xx_hal_dfsdm.c:3208:31:HAL_DFSDM_FilterGetState	16	static
stm32l4xx_hal_dfsdm.c:3219:10:HAL_DFSDM_FilterGetError	16	static
stm32l4xx_hal_dfsdm.c:3243:13:DFSDM_DMARegularHalfConvCplt	24	static
stm32l4xx_hal_dfsdm.c:3261:13:DFSDM_DMARegularConvCplt	24	static
stm32l4xx_hal_dfsdm.c:3279:13:DFSDM_DMAInjectedHalfConvCplt	24	static
stm32l4xx_hal_dfsdm.c:3297:13:DFSDM_DMAInjectedConvCplt	24	static
stm32l4xx_hal_dfsdm.c:3315:13:DFSDM_DMAError	24	static
stm32l4xx_hal_dfsdm.c:3336:17:DFSDM_GetInjChannelsNbr	24	static
stm32l4xx_hal_dfsdm.c:3359:17:DFSDM_GetChannelFromInstance	24	static
stm32l4xx_hal_dfsdm.c:3413:13:DFSDM_RegConvStart	16	static
stm32l4xx_hal_dfsdm.c:3454:13:DFSDM_RegConvStop	16	static
stm32l4xx_hal_dfsdm.c:3490:13:DFSDM_InjConvStart	16	static
stm32l4xx_hal_dfsdm.c:3534:13:DFSDM_InjConvStop	16	static
