stm32l4xx_hal_qspi.c:2500:13:QSPI_DMARxCplt	0	static
stm32l4xx_hal_qspi.c:2514:13:QSPI_DMATxCplt	0	static
stm32l4xx_hal_qspi.c:2657:13:QSPI_Config	32	static
stm32l4xx_hal_qspi.c:447:13:HAL_QSPI_MspInit	0	static
stm32l4xx_hal_qspi.c:291:19:HAL_QSPI_Init	24	static
stm32l4xx_hal_qspi.c:462:13:HAL_QSPI_MspDeInit	0	static
stm32l4xx_hal_qspi.c:403:19:HAL_QSPI_DeInit	8	static
stm32l4xx_hal_qspi.c:798:19:HAL_QSPI_Command	24	static
stm32l4xx_hal_qspi.c:887:19:HAL_QSPI_Command_IT	24	static
stm32l4xx_hal_qspi.c:1163:19:HAL_QSPI_Transmit_IT	4	static
stm32l4xx_hal_qspi.c:1223:19:HAL_QSPI_Receive_IT	8	static
stm32l4xx_hal_qspi.c:1291:19:HAL_QSPI_Transmit_DMA	24	static
stm32l4xx_hal_qspi.c:1435:19:HAL_QSPI_Receive_DMA	24	static
stm32l4xx_hal_qspi.c:1581:19:HAL_QSPI_AutoPolling	24	static
stm32l4xx_hal_qspi.c:1681:19:HAL_QSPI_AutoPolling_IT	24	static
stm32l4xx_hal_qspi.c:1785:19:HAL_QSPI_MemoryMapped	24	static
stm32l4xx_hal_qspi.c:1871:13:HAL_QSPI_ErrorCallback	0	static
stm32l4xx_hal_qspi.c:2581:13:QSPI_DMAAbortCplt	8	static
stm32l4xx_hal_qspi.c:1886:13:HAL_QSPI_AbortCpltCallback	0	static
stm32l4xx_hal_qspi.c:2560:13:QSPI_DMAError	16	static
stm32l4xx_hal_qspi.c:1901:13:HAL_QSPI_CmdCpltCallback	0	static
stm32l4xx_hal_qspi.c:1916:13:HAL_QSPI_RxCpltCallback	0	static
stm32l4xx_hal_qspi.c:1931:13:HAL_QSPI_TxCpltCallback	0	static
stm32l4xx_hal_qspi.c:1946:13:HAL_QSPI_RxHalfCpltCallback	0	static
stm32l4xx_hal_qspi.c:2528:13:QSPI_DMARxHalfCplt	8	static
stm32l4xx_hal_qspi.c:1961:13:HAL_QSPI_TxHalfCpltCallback	0	static
stm32l4xx_hal_qspi.c:2544:13:QSPI_DMATxHalfCplt	8	static
stm32l4xx_hal_qspi.c:1976:13:HAL_QSPI_FifoThresholdCallback	0	static
stm32l4xx_hal_qspi.c:1991:13:HAL_QSPI_StatusMatchCallback	0	static
stm32l4xx_hal_qspi.c:2006:13:HAL_QSPI_TimeOutCallback	0	static
stm32l4xx_hal_qspi.c:501:6:HAL_QSPI_IRQHandler	16	static
stm32l4xx_hal_qspi.c:2264:23:HAL_QSPI_GetState	0	static
stm32l4xx_hal_qspi.c:2275:10:HAL_QSPI_GetError	0	static
stm32l4xx_hal_qspi.c:2285:19:HAL_QSPI_Abort	16	static
stm32l4xx_hal_qspi.c:987:19:HAL_QSPI_Transmit	24	static
stm32l4xx_hal_qspi.c:1074:19:HAL_QSPI_Receive	24	static
stm32l4xx_hal_qspi.c:2341:19:HAL_QSPI_Abort_IT	16	static
stm32l4xx_hal_qspi.c:2397:6:HAL_QSPI_SetTimeout	0	static
stm32l4xx_hal_qspi.c:2407:19:HAL_QSPI_SetFifoThreshold	0	static
stm32l4xx_hal_qspi.c:2439:10:HAL_QSPI_GetFifoThreshold	0	static
