main.c:114:6:panelDataInit	4	static
main.c:130:6:prec_control_manag_init	4	static
main.c:148:5:main	280	static
main.c:291:6:SystemClock_Config	232	static
main.c:368:13:MX_ADC1_Init	48	static
main.c:433:13:MX_ADC2_Init	32	static
main.c:490:13:MX_DFSDM1_Init	8	static
main.c:528:13:MX_I2C2_Init	8	static
main.c:574:13:MX_QUADSPI_Init	8	static
main.c:607:13:MX_SPI3_Init	8	static
main.c:647:13:MX_USART1_UART_Init	8	static
main.c:682:13:MX_USART3_UART_Init	8	static
main.c:717:13:MX_USB_OTG_FS_PCD_Init	8	static
main.c:752:13:MX_GPIO_Init	48	static
main.c:915:6:PostLedTasks	8	static
main.c:936:6:PostPanelTasks	8	static
main.c:951:6:ReadLPStart	8	static
main.c:962:6:ReadLPEnd	8	static
main.c:980:6:ReadRPStart	8	static
main.c:991:6:ReadRPEnd	8	static
main.c:1009:6:WriteL1Start	8	static
main.c:1020:6:WriteL2Start	8	static
main.c:1031:6:WriteL3Start	8	static
main.c:1042:6:WriteL1End	8	static
main.c:1054:6:WriteL2End	8	static
main.c:1066:6:WriteL3End	8	static
main.c:1078:6:StartReadButton	8	static
main.c:1089:6:EndReadButton	8	static
main.c:1108:6:StartReadLeftPanel	16	static
main.c:1137:6:StartSerialDebug	88	static
main.c:1171:6:StartSynkButton	16	static
main.c:1204:6:StartReadRightPanel	16	static
main.c:1230:6:StartLedTask1	32	static
main.c:1259:6:StartLedTask2	32	static
main.c:1288:6:StartLedTask3	32	static
main.c:1318:6:HAL_TIM_PeriodElapsedCallback	16	static
main.c:1335:6:Error_Handler	4	static
