main.c:105:6:panelDataInit	4	static
main.c:118:6:controlRWPDInit	4	static
main.c:130:5:main	152	static
main.c:244:6:SystemClock_Config	232	static
main.c:323:13:MX_ADC1_Init	48	static
main.c:387:13:MX_ADC2_Init	32	static
main.c:443:13:MX_DFSDM1_Init	8	static
main.c:481:13:MX_I2C2_Init	8	static
main.c:527:13:MX_QUADSPI_Init	8	static
main.c:560:13:MX_SPI3_Init	8	static
main.c:600:13:MX_UART4_Init	8	static
main.c:635:13:MX_USART1_UART_Init	8	static
main.c:670:13:MX_USART3_UART_Init	8	static
main.c:705:13:MX_USB_OTG_FS_PCD_Init	8	static
main.c:740:13:MX_GPIO_Init	48	static
main.c:897:6:startReadPD	8	static
main.c:914:6:startWritePD	8	static
main.c:931:6:endReadPD	8	static
main.c:952:6:endWritePD	8	static
main.c:980:6:StartReadPanels	24	static
main.c:1019:6:StartSerialDebug	88	static
main.c:1065:6:StartLedsTask	32	static
main.c:1104:6:StartSynkButton	16	static
main.c:1136:6:HAL_TIM_PeriodElapsedCallback	16	static
main.c:1153:6:Error_Handler	4	static
