main.c:99:5:main	88	static
main.c:195:6:SystemClock_Config	232	static
main.c:271:13:MX_DFSDM1_Init	8	static
main.c:309:13:MX_I2C2_Init	8	static
main.c:355:13:MX_QUADSPI_Init	8	static
main.c:388:13:MX_SPI3_Init	8	static
main.c:428:13:MX_USART1_UART_Init	8	static
main.c:463:13:MX_USART3_UART_Init	8	static
main.c:498:13:MX_USB_OTG_FS_PCD_Init	8	static
main.c:533:13:MX_GPIO_Init	48	static
main.c:726:6:StartDefaultTask	16	static
main.c:738:6:StartDefaultTask2	16	static
main.c:751:6:StartQueueTaskSender	16	static
main.c:765:6:StartQueueTaskReceiver	32	static
main.c:791:6:HAL_TIM_PeriodElapsedCallback	16	static
main.c:808:6:Error_Handler	4	static
