main.c:63:5:main	64	static
main.c:111:6:SystemClock_Config	232	static
main.c:176:13:MX_DFSDM1_Init	8	static
main.c:207:13:MX_I2C2_Init	8	static
main.c:242:13:MX_QUADSPI_Init	8	static
main.c:268:13:MX_SPI3_Init	8	static
main.c:301:13:MX_USART1_UART_Init	8	static
main.c:329:13:MX_USART3_UART_Init	8	static
main.c:357:13:MX_USB_OTG_FS_PCD_Init	8	static
main.c:385:13:MX_GPIO_Init	48	static
main.c:569:6:TaskBlink1	16	static
main.c:577:6:TaskBlink2	16	static
main.c:586:6:StartQueueTaskSender	16	static
main.c:595:6:StartQueueTaskReceiver	32	static
main.c:610:6:serialPrint	16	static
main.c:615:6:serialPrintln	24	static
main.c:622:6:SerialPrintTask	16	static
main.c:641:6:HAL_TIM_PeriodElapsedCallback	16	static
main.c:655:6:Error_Handler	4	static
