main.c:115:6:panelDataInit	4	static
main.c:131:6:prec_control_manag_init	4	static
main.c:149:5:main	272	static
main.c:291:6:SystemClock_Config	232	static
main.c:368:13:MX_ADC1_Init	48	static
main.c:432:13:MX_ADC2_Init	32	static
main.c:488:13:MX_DFSDM1_Init	8	static
main.c:526:13:MX_I2C2_Init	8	static
main.c:572:13:MX_QUADSPI_Init	8	static
main.c:605:13:MX_SPI3_Init	8	static
main.c:645:13:MX_UART4_Init	8	static
main.c:680:13:MX_USART1_UART_Init	8	static
main.c:715:13:MX_USB_OTG_FS_PCD_Init	8	static
main.c:750:13:MX_GPIO_Init	48	static
main.c:872:6:PostLedTasks	8	static
main.c:893:6:PostPanelTasks	8	static
main.c:908:6:ReadLPStart	8	static
main.c:919:6:ReadLPEnd	8	static
main.c:935:6:ReadRPStart	8	static
main.c:946:6:ReadRPEnd	8	static
main.c:962:6:WriteL1Start	8	static
main.c:973:6:WriteL2Start	8	static
main.c:984:6:WriteL3Start	8	static
main.c:995:6:WriteL1End	8	static
main.c:1007:6:WriteL2End	8	static
main.c:1019:6:WriteL3End	8	static
main.c:1031:6:StartReadButton	8	static
main.c:1042:6:EndReadButton	8	static
main.c:1060:6:StartReadLeftPanel	16	static
main.c:1090:6:StartReadRightPanel	16	static
main.c:1118:6:StartSerialDebug	88	static
main.c:1170:6:StartSyncButton	16	static
main.c:1200:6:StartLedTask1	32	static
main.c:1234:6:StartLedTask2	32	static
main.c:1270:6:StartLedTask3	32	static
main.c:1307:6:HAL_TIM_PeriodElapsedCallback	16	static
main.c:1324:6:Error_Handler	4	static
