main.c:115:6:panelDataInit	4	static
main.c:131:6:prec_control_manag_init	4	static
main.c:149:5:main	280	static
main.c:294:6:SystemClock_Config	232	static
main.c:371:13:MX_ADC1_Init	48	static
main.c:435:13:MX_ADC2_Init	32	static
main.c:491:13:MX_DFSDM1_Init	8	static
main.c:529:13:MX_I2C2_Init	8	static
main.c:575:13:MX_QUADSPI_Init	8	static
main.c:608:13:MX_SPI3_Init	8	static
main.c:648:13:MX_UART4_Init	8	static
main.c:683:13:MX_USART1_UART_Init	8	static
main.c:718:13:MX_USB_OTG_FS_PCD_Init	8	static
main.c:753:13:MX_GPIO_Init	48	static
main.c:875:6:PostLedTasks	8	static
main.c:896:6:PostPanelTasks	8	static
main.c:911:6:ReadLPStart	8	static
main.c:922:6:ReadLPEnd	8	static
main.c:938:6:ReadRPStart	8	static
main.c:949:6:ReadRPEnd	8	static
main.c:965:6:WriteL1Start	8	static
main.c:976:6:WriteL2Start	8	static
main.c:987:6:WriteL3Start	8	static
main.c:998:6:WriteL1End	8	static
main.c:1010:6:WriteL2End	8	static
main.c:1022:6:WriteL3End	8	static
main.c:1034:6:StartReadButton	8	static
main.c:1045:6:EndReadButton	8	static
main.c:1063:6:StartReadLeftPanel	16	static
main.c:1092:6:StartReadRightPanel	16	static
main.c:1118:6:StartSerialDebug	88	static
main.c:1170:6:StartSyncButton	16	static
main.c:1199:6:StartLedTask1	32	static
main.c:1227:6:StartLedTask2	32	static
main.c:1256:6:StartLedTask3	32	static
main.c:1286:6:HAL_TIM_PeriodElapsedCallback	16	static
main.c:1303:6:Error_Handler	4	static
