main.c:92:5:main	48	static
main.c:174:6:SystemClock_Config	232	static
main.c:251:13:MX_ADC1_Init	48	static
main.c:315:13:MX_DFSDM1_Init	8	static
main.c:353:13:MX_I2C2_Init	8	static
main.c:399:13:MX_QUADSPI_Init	8	static
main.c:432:13:MX_SPI3_Init	8	static
main.c:472:13:MX_USART1_UART_Init	8	static
main.c:507:13:MX_USART3_UART_Init	8	static
main.c:542:13:MX_USB_OTG_FS_PCD_Init	8	static
main.c:577:13:MX_GPIO_Init	48	static
main.c:754:6:StartSerialAnalog	32	static
main.c:778:6:HAL_TIM_PeriodElapsedCallback	16	static
main.c:795:6:Error_Handler	4	static
