Archive member included to satisfy reference by file (symbol)

c:/st/stm32cubeide_1.3.0/stm32cubeide/plugins/com.st.stm32cube.ide.mcu.externaltools.gnu-tools-for-stm32.7-2018-q2-update.win32_1.0.0.201904181610/tools/bin/../lib/gcc/arm-none-eabi/7.3.1/../../../../arm-none-eabi/lib/thumb/v7e-m/fpv4-sp/hard\libc_nano.a(lib_a-errno.o)
                              Core/Src/syscalls.o (__errno)
c:/st/stm32cubeide_1.3.0/stm32cubeide/plugins/com.st.stm32cube.ide.mcu.externaltools.gnu-tools-for-stm32.7-2018-q2-update.win32_1.0.0.201904181610/tools/bin/../lib/gcc/arm-none-eabi/7.3.1/../../../../arm-none-eabi/lib/thumb/v7e-m/fpv4-sp/hard\libc_nano.a(lib_a-exit.o)
                              c:/st/stm32cubeide_1.3.0/stm32cubeide/plugins/com.st.stm32cube.ide.mcu.externaltools.gnu-tools-for-stm32.7-2018-q2-update.win32_1.0.0.201904181610/tools/bin/../lib/gcc/arm-none-eabi/7.3.1/../../../../arm-none-eabi/lib/thumb/v7e-m/fpv4-sp/hard/crt0.o (exit)
c:/st/stm32cubeide_1.3.0/stm32cubeide/plugins/com.st.stm32cube.ide.mcu.externaltools.gnu-tools-for-stm32.7-2018-q2-update.win32_1.0.0.201904181610/tools/bin/../lib/gcc/arm-none-eabi/7.3.1/../../../../arm-none-eabi/lib/thumb/v7e-m/fpv4-sp/hard\libc_nano.a(lib_a-impure.o)
                              c:/st/stm32cubeide_1.3.0/stm32cubeide/plugins/com.st.stm32cube.ide.mcu.externaltools.gnu-tools-for-stm32.7-2018-q2-update.win32_1.0.0.201904181610/tools/bin/../lib/gcc/arm-none-eabi/7.3.1/../../../../arm-none-eabi/lib/thumb/v7e-m/fpv4-sp/hard\libc_nano.a(lib_a-exit.o) (_global_impure_ptr)
c:/st/stm32cubeide_1.3.0/stm32cubeide/plugins/com.st.stm32cube.ide.mcu.externaltools.gnu-tools-for-stm32.7-2018-q2-update.win32_1.0.0.201904181610/tools/bin/../lib/gcc/arm-none-eabi/7.3.1/../../../../arm-none-eabi/lib/thumb/v7e-m/fpv4-sp/hard\libc_nano.a(lib_a-init.o)
                              c:/st/stm32cubeide_1.3.0/stm32cubeide/plugins/com.st.stm32cube.ide.mcu.externaltools.gnu-tools-for-stm32.7-2018-q2-update.win32_1.0.0.201904181610/tools/bin/../lib/gcc/arm-none-eabi/7.3.1/../../../../arm-none-eabi/lib/thumb/v7e-m/fpv4-sp/hard/crt0.o (__libc_init_array)
c:/st/stm32cubeide_1.3.0/stm32cubeide/plugins/com.st.stm32cube.ide.mcu.externaltools.gnu-tools-for-stm32.7-2018-q2-update.win32_1.0.0.201904181610/tools/bin/../lib/gcc/arm-none-eabi/7.3.1/../../../../arm-none-eabi/lib/thumb/v7e-m/fpv4-sp/hard\libc_nano.a(lib_a-memcpy-stub.o)
                              Middlewares/Third_Party/FreeRTOS/Source/queue.o (memcpy)
c:/st/stm32cubeide_1.3.0/stm32cubeide/plugins/com.st.stm32cube.ide.mcu.externaltools.gnu-tools-for-stm32.7-2018-q2-update.win32_1.0.0.201904181610/tools/bin/../lib/gcc/arm-none-eabi/7.3.1/../../../../arm-none-eabi/lib/thumb/v7e-m/fpv4-sp/hard\libc_nano.a(lib_a-memset.o)
                              c:/st/stm32cubeide_1.3.0/stm32cubeide/plugins/com.st.stm32cube.ide.mcu.externaltools.gnu-tools-for-stm32.7-2018-q2-update.win32_1.0.0.201904181610/tools/bin/../lib/gcc/arm-none-eabi/7.3.1/../../../../arm-none-eabi/lib/thumb/v7e-m/fpv4-sp/hard/crt0.o (memset)
c:/st/stm32cubeide_1.3.0/stm32cubeide/plugins/com.st.stm32cube.ide.mcu.externaltools.gnu-tools-for-stm32.7-2018-q2-update.win32_1.0.0.201904181610/tools/bin/../lib/gcc/arm-none-eabi/7.3.1/thumb/v7e-m/fpv4-sp/hard\libgcc.a(_aeabi_uldivmod.o)
                              Drivers/STM32L4xx_HAL_Driver/Src/stm32l4xx_hal_uart.o (__aeabi_uldivmod)
c:/st/stm32cubeide_1.3.0/stm32cubeide/plugins/com.st.stm32cube.ide.mcu.externaltools.gnu-tools-for-stm32.7-2018-q2-update.win32_1.0.0.201904181610/tools/bin/../lib/gcc/arm-none-eabi/7.3.1/thumb/v7e-m/fpv4-sp/hard\libgcc.a(_udivmoddi4.o)
                              c:/st/stm32cubeide_1.3.0/stm32cubeide/plugins/com.st.stm32cube.ide.mcu.externaltools.gnu-tools-for-stm32.7-2018-q2-update.win32_1.0.0.201904181610/tools/bin/../lib/gcc/arm-none-eabi/7.3.1/thumb/v7e-m/fpv4-sp/hard\libgcc.a(_aeabi_uldivmod.o) (__udivmoddi4)
c:/st/stm32cubeide_1.3.0/stm32cubeide/plugins/com.st.stm32cube.ide.mcu.externaltools.gnu-tools-for-stm32.7-2018-q2-update.win32_1.0.0.201904181610/tools/bin/../lib/gcc/arm-none-eabi/7.3.1/thumb/v7e-m/fpv4-sp/hard\libgcc.a(_dvmd_tls.o)
                              c:/st/stm32cubeide_1.3.0/stm32cubeide/plugins/com.st.stm32cube.ide.mcu.externaltools.gnu-tools-for-stm32.7-2018-q2-update.win32_1.0.0.201904181610/tools/bin/../lib/gcc/arm-none-eabi/7.3.1/thumb/v7e-m/fpv4-sp/hard\libgcc.a(_aeabi_uldivmod.o) (__aeabi_ldiv0)

Allocating common symbols
Common symbol       size              file

hdfsdm1_channel1    0x38              Core/Src/main.o
PrintTaskHandleHandle
                    0x4               Core/Src/main.o
Blink2TaskHandlHandle
                    0x4               Core/Src/main.o
huart3              0x80              Core/Src/main.o
hpcd_USB_OTG_FS     0x408             Core/Src/main.o
hi2c2               0x4c              Core/Src/main.o
Blink1TaskHandlHandle
                    0x4               Core/Src/main.o
[...]
Memory Configuration

Name             Origin             Length             Attributes
RAM              0x0000000020000000 0x0000000000018000 xrw
RAM2             0x0000000010000000 0x0000000000008000 xrw
FLASH            0x0000000008000000 0x0000000000100000 xr
*default*        0x0000000000000000 0xffffffffffffffff

Linker script and memory map

LOAD c:/st/stm32cubeide_1.3.0/stm32cubeide/plugins/com.st.stm32cube.ide.mcu.externaltools.gnu-tools-for-stm32.7-2018-q2-update.win32_1.0.0.201904181610/tools/bin/../lib/gcc/arm-none-eabi/7.3.1/thumb/v7e-m/fpv4-sp/hard/crti.o
LOAD c:/st/stm32cubeide_1.3.0/stm32cubeide/plugins/com.st.stm32cube.ide.mcu.externaltools.gnu-tools-for-stm32.7-2018-q2-update.win32_1.0.0.201904181610/tools/bin/../lib/gcc/arm-none-eabi/7.3.1/thumb/v7e-m/fpv4-sp/hard/crtbegin.o
LOAD c:/st/stm32cubeide_1.3.0/stm32cubeide/plugins/com.st.stm32cube.ide.mcu.externaltools.gnu-tools-for-stm32.7-2018-q2-update.win32_1.0.0.201904181610/tools/bin/../lib/gcc/arm-none-eabi/7.3.1/../../../../arm-none-eabi/lib/thumb/v7e-m/fpv4-sp/hard/crt0.o
LOAD Core/Src/freertos.o
LOAD Core/Src/main.o
LOAD Core/Src/stm32l4xx_hal_msp.o
LOAD Core/Src/stm32l4xx_hal_timebase_tim.o
LOAD Core/Src/stm32l4xx_it.o
LOAD Core/Src/syscalls.o
LOAD Core/Src/sysmem.o
LOAD Core/Src/system_stm32l4xx.o
LOAD Core/Startup/startup_stm32l475vgtx.o
LOAD Drivers/STM32L4xx_HAL_Driver/Src/stm32l4xx_hal.o
LOAD Drivers/STM32L4xx_HAL_Driver/Src/stm32l4xx_hal_cortex.o
LOAD Drivers/STM32L4xx_HAL_Driver/Src/stm32l4xx_hal_dfsdm.o
LOAD Drivers/STM32L4xx_HAL_Driver/Src/stm32l4xx_hal_dma.o
LOAD Drivers/STM32L4xx_HAL_Driver/Src/stm32l4xx_hal_dma_ex.o
LOAD Drivers/STM32L4xx_HAL_Driver/Src/stm32l4xx_hal_exti.o
LOAD Drivers/STM32L4xx_HAL_Driver/Src/stm32l4xx_hal_flash.o
LOAD Drivers/STM32L4xx_HAL_Driver/Src/stm32l4xx_hal_flash_ex.o
LOAD Drivers/STM32L4xx_HAL_Driver/Src/stm32l4xx_hal_flash_ramfunc.o
LOAD Drivers/STM32L4xx_HAL_Driver/Src/stm32l4xx_hal_gpio.o
LOAD Drivers/STM32L4xx_HAL_Driver/Src/stm32l4xx_hal_i2c.o
LOAD Drivers/STM32L4xx_HAL_Driver/Src/stm32l4xx_hal_i2c_ex.o
LOAD Drivers/STM32L4xx_HAL_Driver/Src/stm32l4xx_hal_pcd.o
LOAD Drivers/STM32L4xx_HAL_Driver/Src/stm32l4xx_hal_pcd_ex.o
LOAD Drivers/STM32L4xx_HAL_Driver/Src/stm32l4xx_hal_pwr.o
LOAD Drivers/STM32L4xx_HAL_Driver/Src/stm32l4xx_hal_pwr_ex.o
LOAD Drivers/STM32L4xx_HAL_Driver/Src/stm32l4xx_hal_qspi.o
LOAD Drivers/STM32L4xx_HAL_Driver/Src/stm32l4xx_hal_rcc.o
LOAD Drivers/STM32L4xx_HAL_Driver/Src/stm32l4xx_hal_rcc_ex.o
LOAD Drivers/STM32L4xx_HAL_Driver/Src/stm32l4xx_hal_spi.o
LOAD Drivers/STM32L4xx_HAL_Driver/Src/stm32l4xx_hal_spi_ex.o
LOAD Drivers/STM32L4xx_HAL_Driver/Src/stm32l4xx_hal_tim.o
LOAD Drivers/STM32L4xx_HAL_Driver/Src/stm32l4xx_hal_tim_ex.o
LOAD Drivers/STM32L4xx_HAL_Driver/Src/stm32l4xx_hal_uart.o
LOAD Drivers/STM32L4xx_HAL_Driver/Src/stm32l4xx_hal_uart_ex.o
LOAD Drivers/STM32L4xx_HAL_Driver/Src/stm32l4xx_ll_usb.o
LOAD Middlewares/Third_Party/FreeRTOS/Source/CMSIS_RTOS/cmsis_os.o
LOAD Middlewares/Third_Party/FreeRTOS/Source/croutine.o
LOAD Middlewares/Third_Party/FreeRTOS/Source/event_groups.o
LOAD Middlewares/Third_Party/FreeRTOS/Source/list.o
LOAD Middlewares/Third_Party/FreeRTOS/Source/queue.o
LOAD Middlewares/Third_Party/FreeRTOS/Source/stream_buffer.o
LOAD Middlewares/Third_Party/FreeRTOS/Source/tasks.o
LOAD Middlewares/Third_Party/FreeRTOS/Source/timers.o
LOAD Middlewares/Third_Party/FreeRTOS/Source/portable/GCC/ARM_CM4F/port.o
LOAD Middlewares/Third_Party/FreeRTOS/Source/portable/MemMang/heap_4.o
START GROUP
LOAD c:/st/stm32cubeide_1.3.0/stm32cubeide/plugins/com.st.stm32cube.ide.mcu.externaltools.gnu-tools-for-stm32.7-2018-q2-update.win32_1.0.0.201904181610/tools/bin/../lib/gcc/arm-none-eabi/7.3.1/../../../../arm-none-eabi/lib/thumb/v7e-m/fpv4-sp/hard\libstdc++_nano.a
LOAD c:/st/stm32cubeide_1.3.0/stm32cubeide/plugins/com.st.stm32cube.ide.mcu.externaltools.gnu-tools-for-stm32.7-2018-q2-update.win32_1.0.0.201904181610/tools/bin/../lib/gcc/arm-none-eabi/7.3.1/../../../../arm-none-eabi/lib/thumb/v7e-m/fpv4-sp/hard\libsupc++_nano.a
END GROUP
LOAD c:/st/stm32cubeide_1.3.0/stm32cubeide/plugins/com.st.stm32cube.ide.mcu.externaltools.gnu-tools-for-stm32.7-2018-q2-update.win32_1.0.0.201904181610/tools/bin/../lib/gcc/arm-none-eabi/7.3.1/../../../../arm-none-eabi/lib/thumb/v7e-m/fpv4-sp/hard\libstdc++_nano.a
LOAD c:/st/stm32cubeide_1.3.0/stm32cubeide/plugins/com.st.stm32cube.ide.mcu.externaltools.gnu-tools-for-stm32.7-2018-q2-update.win32_1.0.0.201904181610/tools/bin/../lib/gcc/arm-none-eabi/7.3.1/../../../../arm-none-eabi/lib/thumb/v7e-m/fpv4-sp/hard\libm.a
LOAD c:/st/stm32cubeide_1.3.0/stm32cubeide/plugins/com.st.stm32cube.ide.mcu.externaltools.gnu-tools-for-stm32.7-2018-q2-update.win32_1.0.0.201904181610/tools/bin/../lib/gcc/arm-none-eabi/7.3.1/../../../../arm-none-eabi/lib/thumb/v7e-m/fpv4-sp/hard\libc_nano.a
START GROUP
LOAD c:/st/stm32cubeide_1.3.0/stm32cubeide/plugins/com.st.stm32cube.ide.mcu.externaltools.gnu-tools-for-stm32.7-2018-q2-update.win32_1.0.0.201904181610/tools/bin/../lib/gcc/arm-none-eabi/7.3.1/thumb/v7e-m/fpv4-sp/hard\libgcc.a
LOAD c:/st/stm32cubeide_1.3.0/stm32cubeide/plugins/com.st.stm32cube.ide.mcu.externaltools.gnu-tools-for-stm32.7-2018-q2-update.win32_1.0.0.201904181610/tools/bin/../lib/gcc/arm-none-eabi/7.3.1/../../../../arm-none-eabi/lib/thumb/v7e-m/fpv4-sp/hard\libc_nano.a
END GROUP
START GROUP
LOAD c:/st/stm32cubeide_1.3.0/stm32cubeide/plugins/com.st.stm32cube.ide.mcu.externaltools.gnu-tools-for-stm32.7-2018-q2-update.win32_1.0.0.201904181610/tools/bin/../lib/gcc/arm-none-eabi/7.3.1/thumb/v7e-m/fpv4-sp/hard\libgcc.a
LOAD c:/st/stm32cubeide_1.3.0/stm32cubeide/plugins/com.st.stm32cube.ide.mcu.externaltools.gnu-tools-for-stm32.7-2018-q2-update.win32_1.0.0.201904181610/tools/bin/../lib/gcc/arm-none-eabi/7.3.1/../../../../arm-none-eabi/lib/thumb/v7e-m/fpv4-sp/hard\libc_nano.a
LOAD c:/st/stm32cubeide_1.3.0/stm32cubeide/plugins/com.st.stm32cube.ide.mcu.externaltools.gnu-tools-for-stm32.7-2018-q2-update.win32_1.0.0.201904181610/tools/bin/../lib/gcc/arm-none-eabi/7.3.1/../../../../arm-none-eabi/lib/thumb/v7e-m/fpv4-sp/hard\libnosys.a
END GROUP
START GROUP
LOAD c:/st/stm32cubeide_1.3.0/stm32cubeide/plugins/com.st.stm32cube.ide.mcu.externaltools.gnu-tools-for-stm32.7-2018-q2-update.win32_1.0.0.201904181610/tools/bin/../lib/gcc/arm-none-eabi/7.3.1/thumb/v7e-m/fpv4-sp/hard\libgcc.a
LOAD c:/st/stm32cubeide_1.3.0/stm32cubeide/plugins/com.st.stm32cube.ide.mcu.externaltools.gnu-tools-for-stm32.7-2018-q2-update.win32_1.0.0.201904181610/tools/bin/../lib/gcc/arm-none-eabi/7.3.1/../../../../arm-none-eabi/lib/thumb/v7e-m/fpv4-sp/hard\libc_nano.a
LOAD c:/st/stm32cubeide_1.3.0/stm32cubeide/plugins/com.st.stm32cube.ide.mcu.externaltools.gnu-tools-for-stm32.7-2018-q2-update.win32_1.0.0.201904181610/tools/bin/../lib/gcc/arm-none-eabi/7.3.1/../../../../arm-none-eabi/lib/thumb/v7e-m/fpv4-sp/hard\libnosys.a
END GROUP
LOAD c:/st/stm32cubeide_1.3.0/stm32cubeide/plugins/com.st.stm32cube.ide.mcu.externaltools.gnu-tools-for-stm32.7-2018-q2-update.win32_1.0.0.201904181610/tools/bin/../lib/gcc/arm-none-eabi/7.3.1/thumb/v7e-m/fpv4-sp/hard/crtend.o
LOAD c:/st/stm32cubeide_1.3.0/stm32cubeide/plugins/com.st.stm32cube.ide.mcu.externaltools.gnu-tools-for-stm32.7-2018-q2-update.win32_1.0.0.201904181610/tools/bin/../lib/gcc/arm-none-eabi/7.3.1/thumb/v7e-m/fpv4-sp/hard/crtn.o
                0x0000000020018000                _estack = (ORIGIN (RAM) + LENGTH (RAM))
                0x0000000000000200                _Min_Heap_Size = 0x200
                0x0000000000000400                _Min_Stack_Size = 0x400

.isr_vector     0x0000000008000000      0x188
                0x0000000008000000                . = ALIGN (0x4)
 *(.isr_vector)
 .isr_vector    0x0000000008000000      0x188 Core/Startup/startup_stm32l475vgtx.o
                0x0000000008000000                g_pfnVectors
                0x0000000008000188                . = ALIGN (0x4)

.text           0x0000000008000190     0x6210
                0x0000000008000190                . = ALIGN (0x4)
 *(.text)
 .text          0x0000000008000190       0x40 c:/st/stm32cubeide_1.3.0/stm32cubeide/plugins/com.st.stm32cube.ide.mcu.externaltools.gnu-tools-for-stm32.7-2018-q2-update.win32_1.0.0.201904181610/tools/bin/../lib/gcc/arm-none-eabi/7.3.1/thumb/v7e-m/fpv4-sp/hard/crtbegin.o
 .text          0x00000000080001d0       0x30 c:/st/stm32cubeide_1.3.0/stm32cubeide/plugins/com.st.stm32cube.ide.mcu.externaltools.gnu-tools-for-stm32.7-2018-q2-update.win32_1.0.0.201904181610/tools/bin/../lib/gcc/arm-none-eabi/7.3.1/thumb/v7e-m/fpv4-sp/hard\libgcc.a(_aeabi_uldivmod.o)
                0x00000000080001d0                __aeabi_uldivmod
 .text          0x0000000008000200      0x2cc c:/st/stm32cubeide_1.3.0/stm32cubeide/plugins/com.st.stm32cube.ide.mcu.externaltools.gnu-tools-for-stm32.7-2018-q2-update.win32_1.0.0.201904181610/tools/bin/../lib/gcc/arm-none-eabi/7.3.1/thumb/v7e-m/fpv4-sp/hard\libgcc.a(_udivmoddi4.o)
                0x0000000008000200                __udivmoddi4
 .text          0x00000000080004cc        0x4 c:/st/stm32cubeide_1.3.0/stm32cubeide/plugins/com.st.stm32cube.ide.mcu.externaltools.gnu-tools-for-stm32.7-2018-q2-update.win32_1.0.0.201904181610/tools/bin/../lib/gcc/arm-none-eabi/7.3.1/thumb/v7e-m/fpv4-sp/hard\libgcc.a(_dvmd_tls.o)
                0x00000000080004cc                __aeabi_idiv0
                0x00000000080004cc                __aeabi_ldiv0
 *(.text*)
 .text.vApplicationGetIdleTaskMemory
                0x00000000080004d0       0x34 Core/Src/freertos.o
                0x00000000080004d0                vApplicationGetIdleTaskMemory
 .text.main     0x0000000008000504       0xbc Core/Src/main.o
                0x0000000008000504                main
 .text.SystemClock_Config
                0x00000000080005c0      0x148 Core/Src/main.o
                0x00000000080005c0                SystemClock_Config
 .text.MX_DFSDM1_Init
                0x0000000008000708       0x70 Core/Src/main.o
 .text.MX_I2C2_Init
                0x0000000008000778       0x80 Core/Src/main.o
 .text.MX_QUADSPI_Init
                0x00000000080007f8       0x4c Core/Src/main.o
 .text.MX_SPI3_Init
                0x0000000008000844       0x7c Core/Src/main.o
 .text.MX_USART1_UART_Init
                0x00000000080008c0       0x60 Core/Src/main.o
 .text.MX_USART3_UART_Init
                0x0000000008000920       0x60 Core/Src/main.o
 .text.MX_USB_OTG_FS_PCD_Init
                0x0000000008000980       0x5c Core/Src/main.o
 .text.MX_GPIO_Init
                0x00000000080009dc      0x360 Core/Src/main.o
 .text.StartBlink1
                0x0000000008000d3c       0x20 Core/Src/main.o
                0x0000000008000d3c                StartBlink1
 .text.StartBlink2
                0x0000000008000d5c       0x20 Core/Src/main.o
                0x0000000008000d5c                StartBlink2
 .text.StartPrintTask
                0x0000000008000d7c       0x28 Core/Src/main.o
                0x0000000008000d7c                StartPrintTask
 .text.HAL_TIM_PeriodElapsedCallback
                0x0000000008000da4       0x24 Core/Src/main.o
                0x0000000008000da4                HAL_TIM_PeriodElapsedCallback
 .text.Error_Handler
                0x0000000008000dc8        0xe Core/Src/main.o
                0x0000000008000dc8                Error_Handler
 *fill*         0x0000000008000dd6        0x2 
 .text.HAL_MspInit
                0x0000000008000dd8       0x50 Core/Src/stm32l4xx_hal_msp.o
                0x0000000008000dd8                HAL_MspInit
 .text.HAL_DFSDM_ChannelMspInit
                0x0000000008000e28       0x88 Core/Src/stm32l4xx_hal_msp.o
                0x0000000008000e28                HAL_DFSDM_ChannelMspInit
 .text.HAL_I2C_MspInit
                0x0000000008000eb0       0x88 Core/Src/stm32l4xx_hal_msp.o
                0x0000000008000eb0                HAL_I2C_MspInit
 .text.HAL_QSPI_MspInit
                0x0000000008000f38       0x88 Core/Src/stm32l4xx_hal_msp.o
                0x0000000008000f38                HAL_QSPI_MspInit
 .text.HAL_SPI_MspInit
                0x0000000008000fc0       0x88 Core/Src/stm32l4xx_hal_msp.o
                0x0000000008000fc0                HAL_SPI_MspInit
 .text.HAL_UART_MspInit
                0x0000000008001048       0xec Core/Src/stm32l4xx_hal_msp.o
                0x0000000008001048                HAL_UART_MspInit
 .text.HAL_PCD_MspInit
                0x0000000008001134       0xd8 Core/Src/stm32l4xx_hal_msp.o
                0x0000000008001134                HAL_PCD_MspInit
 .text.HAL_InitTick
                0x000000000800120c       0xac Core/Src/stm32l4xx_hal_timebase_tim.o
                0x000000000800120c                HAL_InitTick
 .text.NMI_Handler
                0x00000000080012b8        0xe Core/Src/stm32l4xx_it.o
                0x00000000080012b8                NMI_Handler
 .text.HardFault_Handler
                0x00000000080012c6        0x6 Core/Src/stm32l4xx_it.o
                0x00000000080012c6                HardFault_Handler
 .text.MemManage_Handler
                0x00000000080012cc        0x6 Core/Src/stm32l4xx_it.o
                0x00000000080012cc                MemManage_Handler
 .text.BusFault_Handler
                0x00000000080012d2        0x6 Core/Src/stm32l4xx_it.o
                0x00000000080012d2                BusFault_Handler
 .text.UsageFault_Handler
                0x00000000080012d8        0x6 Core/Src/stm32l4xx_it.o
                0x00000000080012d8                UsageFault_Handler
 .text.DebugMon_Handler
                0x00000000080012de        0xe Core/Src/stm32l4xx_it.o
                0x00000000080012de                DebugMon_Handler
 .text.EXTI9_5_IRQHandler
                0x00000000080012ec       0x22 Core/Src/stm32l4xx_it.o
                0x00000000080012ec                EXTI9_5_IRQHandler
 .text.EXTI15_10_IRQHandler
                0x000000000800130e       0x30 Core/Src/stm32l4xx_it.o
                0x000000000800130e                EXTI15_10_IRQHandler
 *fill*         0x000000000800133e        0x2 
 .text.TIM6_DAC_IRQHandler
                0x0000000008001340       0x14 Core/Src/stm32l4xx_it.o
                0x0000000008001340                TIM6_DAC_IRQHandler
 .text.SystemInit
                0x0000000008001354       0x6c Core/Src/system_stm32l4xx.o
                0x0000000008001354                SystemInit
 .text.Reset_Handler
                0x00000000080013c0       0x50 Core/Startup/startup_stm32l475vgtx.o
                0x00000000080013c0                Reset_Handler
 .text.Default_Handler
                0x0000000008001410        0x2 Core/Startup/startup_stm32l475vgtx.o
                0x0000000008001410                RTC_Alarm_IRQHandler
                0x0000000008001410                EXTI2_IRQHandler
                0x0000000008001410                TIM8_TRG_COM_IRQHandler
                0x0000000008001410                TIM8_CC_IRQHandler
                0x0000000008001410                TIM1_CC_IRQHandler
                0x0000000008001410                TSC_IRQHandler
                0x0000000008001410                TAMP_STAMP_IRQHandler
                0x0000000008001410                EXTI3_IRQHandler
                0x0000000008001410                LPTIM2_IRQHandler
                0x0000000008001410                DFSDM1_FLT1_IRQHandler
                0x0000000008001410                I2C3_ER_IRQHandler
                0x0000000008001410                DFSDM1_FLT2_IRQHandler
                0x0000000008001410                EXTI0_IRQHandler
                0x0000000008001410                I2C2_EV_IRQHandler
                0x0000000008001410                CAN1_RX0_IRQHandler
                0x0000000008001410                FPU_IRQHandler
                0x0000000008001410                TIM1_UP_TIM16_IRQHandler
                0x0000000008001410                ADC1_2_IRQHandler
                0x0000000008001410                SPI1_IRQHandler
                0x0000000008001410                TIM8_UP_IRQHandler
                0x0000000008001410                DMA2_Channel2_IRQHandler
                0x0000000008001410                DMA1_Channel4_IRQHandler
                0x0000000008001410                SAI2_IRQHandler
                0x0000000008001410                DFSDM1_FLT3_IRQHandler
                0x0000000008001410                USART3_IRQHandler
                0x0000000008001410                DMA1_Channel7_IRQHandler
                0x0000000008001410                CAN1_RX1_IRQHandler
                0x0000000008001410                UART5_IRQHandler
                0x0000000008001410                ADC3_IRQHandler
                0x0000000008001410                TIM4_IRQHandler
                0x0000000008001410                DMA2_Channel1_IRQHandler
                0x0000000008001410                QUADSPI_IRQHandler
                0x0000000008001410                I2C1_EV_IRQHandler
                0x0000000008001410                DMA1_Channel6_IRQHandler
                0x0000000008001410                UART4_IRQHandler
                0x0000000008001410                DMA2_Channel4_IRQHandler
                0x0000000008001410                TIM3_IRQHandler
                0x0000000008001410                RCC_IRQHandler
                0x0000000008001410                DMA1_Channel1_IRQHandler
                0x0000000008001410                Default_Handler
                0x0000000008001410                DMA2_Channel7_IRQHandler
                0x0000000008001410                TIM7_IRQHandler
                0x0000000008001410                SDMMC1_IRQHandler
                0x0000000008001410                TIM5_IRQHandler
                0x0000000008001410                I2C3_EV_IRQHandler
                0x0000000008001410                RTC_WKUP_IRQHandler
                0x0000000008001410                PVD_PVM_IRQHandler
                0x0000000008001410                SPI2_IRQHandler
                0x0000000008001410                CAN1_TX_IRQHandler
                0x0000000008001410                DMA2_Channel5_IRQHandler
                0x0000000008001410                DMA1_Channel5_IRQHandler
                0x0000000008001410                EXTI4_IRQHandler
                0x0000000008001410                RNG_IRQHandler
                0x0000000008001410                TIM1_TRG_COM_TIM17_IRQHandler
                0x0000000008001410                DMA1_Channel3_IRQHandler
                0x0000000008001410                COMP_IRQHandler
                0x0000000008001410                WWDG_IRQHandler
                0x0000000008001410                LPUART1_IRQHandler
                0x0000000008001410                DMA2_Channel6_IRQHandler
                0x0000000008001410                TIM2_IRQHandler
                0x0000000008001410                EXTI1_IRQHandler
                0x0000000008001410                USART2_IRQHandler
                0x0000000008001410                DFSDM1_FLT0_IRQHandler
                0x0000000008001410                I2C2_ER_IRQHandler
                0x0000000008001410                DMA1_Channel2_IRQHandler
                0x0000000008001410                TIM8_BRK_IRQHandler
                0x0000000008001410                CAN1_SCE_IRQHandler
                0x0000000008001410                FLASH_IRQHandler
                0x0000000008001410                USART1_IRQHandler
                0x0000000008001410                OTG_FS_IRQHandler
                0x0000000008001410                SPI3_IRQHandler
                0x0000000008001410                I2C1_ER_IRQHandler
                0x0000000008001410                FMC_IRQHandler
                0x0000000008001410                SWPMI1_IRQHandler
                0x0000000008001410                LPTIM1_IRQHandler
                0x0000000008001410                SAI1_IRQHandler
                0x0000000008001410                DMA2_Channel3_IRQHandler
                0x0000000008001410                TIM1_BRK_TIM15_IRQHandler
 .text.HAL_Init
                0x0000000008001412       0x30 Drivers/STM32L4xx_HAL_Driver/Src/stm32l4xx_hal.o
                0x0000000008001412                HAL_Init
 *fill*         0x0000000008001442        0x2 
 .text.HAL_IncTick
                0x0000000008001444       0x24 Drivers/STM32L4xx_HAL_Driver/Src/stm32l4xx_hal.o
                0x0000000008001444                HAL_IncTick
 .text.HAL_GetTick
                0x0000000008001468       0x18 Drivers/STM32L4xx_HAL_Driver/Src/stm32l4xx_hal.o
                0x0000000008001468                HAL_GetTick
 .text.HAL_Delay
                0x0000000008001480       0x44 Drivers/STM32L4xx_HAL_Driver/Src/stm32l4xx_hal.o
                0x0000000008001480                HAL_Delay
 .text.__NVIC_SetPriorityGrouping
                0x00000000080014c4       0x48 Drivers/STM32L4xx_HAL_Driver/Src/stm32l4xx_hal_cortex.o
 .text.__NVIC_GetPriorityGrouping
                0x000000000800150c       0x1c Drivers/STM32L4xx_HAL_Driver/Src/stm32l4xx_hal_cortex.o
 .text.__NVIC_EnableIRQ
                0x0000000008001528       0x3c Drivers/STM32L4xx_HAL_Driver/Src/stm32l4xx_hal_cortex.o
 .text.__NVIC_SetPriority
                0x0000000008001564       0x54 Drivers/STM32L4xx_HAL_Driver/Src/stm32l4xx_hal_cortex.o
 .text.NVIC_EncodePriority
                0x00000000080015b8       0x66 Drivers/STM32L4xx_HAL_Driver/Src/stm32l4xx_hal_cortex.o
 .text.HAL_NVIC_SetPriorityGrouping
                0x000000000800161e       0x16 Drivers/STM32L4xx_HAL_Driver/Src/stm32l4xx_hal_cortex.o
                0x000000000800161e                HAL_NVIC_SetPriorityGrouping
 .text.HAL_NVIC_SetPriority
                0x0000000008001634       0x38 Drivers/STM32L4xx_HAL_Driver/Src/stm32l4xx_hal_cortex.o
                0x0000000008001634                HAL_NVIC_SetPriority
 .text.HAL_NVIC_EnableIRQ
                0x000000000800166c       0x1c Drivers/STM32L4xx_HAL_Driver/Src/stm32l4xx_hal_cortex.o
                0x000000000800166c                HAL_NVIC_EnableIRQ
 .text.HAL_DFSDM_ChannelInit
                0x0000000008001688      0x180 Drivers/STM32L4xx_HAL_Driver/Src/stm32l4xx_hal_dfsdm.o
                0x0000000008001688                HAL_DFSDM_ChannelInit
 .text.DFSDM_GetChannelFromInstance
                0x0000000008001808       0xac Drivers/STM32L4xx_HAL_Driver/Src/stm32l4xx_hal_dfsdm.o
 .text.HAL_GPIO_Init
                0x00000000080018b4      0x350 Drivers/STM32L4xx_HAL_Driver/Src/stm32l4xx_hal_gpio.o
                0x00000000080018b4                HAL_GPIO_Init
 .text.HAL_GPIO_WritePin
                0x0000000008001c04       0x30 Drivers/STM32L4xx_HAL_Driver/Src/stm32l4xx_hal_gpio.o
                0x0000000008001c04                HAL_GPIO_WritePin
 .text.HAL_GPIO_TogglePin
                0x0000000008001c34       0x32 Drivers/STM32L4xx_HAL_Driver/Src/stm32l4xx_hal_gpio.o
                0x0000000008001c34                HAL_GPIO_TogglePin
 *fill*         0x0000000008001c66        0x2 
 .text.HAL_GPIO_EXTI_IRQHandler
                0x0000000008001c68       0x30 Drivers/STM32L4xx_HAL_Driver/Src/stm32l4xx_hal_gpio.o
                0x0000000008001c68                HAL_GPIO_EXTI_IRQHandler
 .text.HAL_GPIO_EXTI_Callback
                0x0000000008001c98       0x16 Drivers/STM32L4xx_HAL_Driver/Src/stm32l4xx_hal_gpio.o
                0x0000000008001c98                HAL_GPIO_EXTI_Callback
 .text.HAL_I2C_Init
                0x0000000008001cae      0x11e Drivers/STM32L4xx_HAL_Driver/Src/stm32l4xx_hal_i2c.o
                0x0000000008001cae                HAL_I2C_Init
 .text.HAL_I2CEx_ConfigAnalogFilter
                0x0000000008001dcc       0x96 Drivers/STM32L4xx_HAL_Driver/Src/stm32l4xx_hal_i2c_ex.o
                0x0000000008001dcc                HAL_I2CEx_ConfigAnalogFilter
 .text.HAL_I2CEx_ConfigDigitalFilter
                0x0000000008001e62       0x98 Drivers/STM32L4xx_HAL_Driver/Src/stm32l4xx_hal_i2c_ex.o
                0x0000000008001e62                HAL_I2CEx_ConfigDigitalFilter
 .text.HAL_PCD_Init
                0x0000000008001efa      0x248 Drivers/STM32L4xx_HAL_Driver/Src/stm32l4xx_hal_pcd.o
                0x0000000008001efa                HAL_PCD_Init
 .text.HAL_PCDEx_ActivateLPM
                0x0000000008002142       0x48 Drivers/STM32L4xx_HAL_Driver/Src/stm32l4xx_hal_pcd_ex.o
                0x0000000008002142                HAL_PCDEx_ActivateLPM
 *fill*         0x000000000800218a        0x2 
 .text.HAL_PWR_EnableBkUpAccess
                0x000000000800218c       0x20 Drivers/STM32L4xx_HAL_Driver/Src/stm32l4xx_hal_pwr.o
                0x000000000800218c                HAL_PWR_EnableBkUpAccess
 .text.HAL_PWREx_GetVoltageRange
                0x00000000080021ac       0x1c Drivers/STM32L4xx_HAL_Driver/Src/stm32l4xx_hal_pwr_ex.o
                0x00000000080021ac                HAL_PWREx_GetVoltageRange
 .text.HAL_PWREx_ControlVoltageScaling
                0x00000000080021c8       0xac Drivers/STM32L4xx_HAL_Driver/Src/stm32l4xx_hal_pwr_ex.o
                0x00000000080021c8                HAL_PWREx_ControlVoltageScaling
 .text.HAL_PWREx_EnableVddUSB
                0x0000000008002274       0x20 Drivers/STM32L4xx_HAL_Driver/Src/stm32l4xx_hal_pwr_ex.o
                0x0000000008002274                HAL_PWREx_EnableVddUSB
 .text.HAL_QSPI_Init
                0x0000000008002294      0x104 Drivers/STM32L4xx_HAL_Driver/Src/stm32l4xx_hal_qspi.o
                0x0000000008002294                HAL_QSPI_Init
 .text.HAL_QSPI_SetTimeout
                0x0000000008002398       0x1c Drivers/STM32L4xx_HAL_Driver/Src/stm32l4xx_hal_qspi.o
                0x0000000008002398                HAL_QSPI_SetTimeout
 .text.QSPI_WaitFlagStateUntilTimeout
                0x00000000080023b4       0x6e Drivers/STM32L4xx_HAL_Driver/Src/stm32l4xx_hal_qspi.o
 *fill*         0x0000000008002422        0x2 
 .text.HAL_RCC_OscConfig
                0x0000000008002424      0x760 Drivers/STM32L4xx_HAL_Driver/Src/stm32l4xx_hal_rcc.o
                0x0000000008002424                HAL_RCC_OscConfig
 .text.HAL_RCC_ClockConfig
                0x0000000008002b84      0x1c4 Drivers/STM32L4xx_HAL_Driver/Src/stm32l4xx_hal_rcc.o
                0x0000000008002b84                HAL_RCC_ClockConfig
 .text.HAL_RCC_GetSysClockFreq
                0x0000000008002d48      0x114 Drivers/STM32L4xx_HAL_Driver/Src/stm32l4xx_hal_rcc.o
                0x0000000008002d48                HAL_RCC_GetSysClockFreq
 .text.HAL_RCC_GetHCLKFreq
                0x0000000008002e5c       0x18 Drivers/STM32L4xx_HAL_Driver/Src/stm32l4xx_hal_rcc.o
                0x0000000008002e5c                HAL_RCC_GetHCLKFreq
 .text.HAL_RCC_GetPCLK1Freq
                0x0000000008002e74       0x2c Drivers/STM32L4xx_HAL_Driver/Src/stm32l4xx_hal_rcc.o
                0x0000000008002e74                HAL_RCC_GetPCLK1Freq
 .text.HAL_RCC_GetPCLK2Freq
                0x0000000008002ea0       0x2c Drivers/STM32L4xx_HAL_Driver/Src/stm32l4xx_hal_rcc.o
                0x0000000008002ea0                HAL_RCC_GetPCLK2Freq
 .text.HAL_RCC_GetClockConfig
                0x0000000008002ecc       0x64 Drivers/STM32L4xx_HAL_Driver/Src/stm32l4xx_hal_rcc.o
                0x0000000008002ecc                HAL_RCC_GetClockConfig
 .text.RCC_SetFlashLatencyFromMSIRange
                0x0000000008002f30       0xc0 Drivers/STM32L4xx_HAL_Driver/Src/stm32l4xx_hal_rcc.o
 .text.HAL_RCCEx_PeriphCLKConfig
                0x0000000008002ff0      0x5cc Drivers/STM32L4xx_HAL_Driver/Src/stm32l4xx_hal_rcc_ex.o
                0x0000000008002ff0                HAL_RCCEx_PeriphCLKConfig
 .text.HAL_RCCEx_EnableMSIPLLMode
                0x00000000080035bc       0x20 Drivers/STM32L4xx_HAL_Driver/Src/stm32l4xx_hal_rcc_ex.o
                0x00000000080035bc                HAL_RCCEx_EnableMSIPLLMode
 .text.RCCEx_PLLSAI1_Config
                0x00000000080035dc      0x1e0 Drivers/STM32L4xx_HAL_Driver/Src/stm32l4xx_hal_rcc_ex.o
 .text.RCCEx_PLLSAI2_Config
                0x00000000080037bc      0x1b4 Drivers/STM32L4xx_HAL_Driver/Src/stm32l4xx_hal_rcc_ex.o
 .text.HAL_SPI_Init
                0x0000000008003970      0x114 Drivers/STM32L4xx_HAL_Driver/Src/stm32l4xx_hal_spi.o
                0x0000000008003970                HAL_SPI_Init
 .text.HAL_TIM_Base_Init
                0x0000000008003a84       0x56 Drivers/STM32L4xx_HAL_Driver/Src/stm32l4xx_hal_tim.o
                0x0000000008003a84                HAL_TIM_Base_Init
 .text.HAL_TIM_Base_MspInit
                0x0000000008003ada       0x14 Drivers/STM32L4xx_HAL_Driver/Src/stm32l4xx_hal_tim.o
                0x0000000008003ada                HAL_TIM_Base_MspInit
 *fill*         0x0000000008003aee        0x2 
 .text.HAL_TIM_Base_Start_IT
                0x0000000008003af0       0x54 Drivers/STM32L4xx_HAL_Driver/Src/stm32l4xx_hal_tim.o
                0x0000000008003af0                HAL_TIM_Base_Start_IT
 .text.HAL_TIM_IRQHandler
                0x0000000008003b44      0x23e Drivers/STM32L4xx_HAL_Driver/Src/stm32l4xx_hal_tim.o
                0x0000000008003b44                HAL_TIM_IRQHandler
 .text.HAL_TIM_OC_DelayElapsedCallback
                0x0000000008003d82       0x14 Drivers/STM32L4xx_HAL_Driver/Src/stm32l4xx_hal_tim.o
                0x0000000008003d82                HAL_TIM_OC_DelayElapsedCallback
 .text.HAL_TIM_IC_CaptureCallback
                0x0000000008003d96       0x14 Drivers/STM32L4xx_HAL_Driver/Src/stm32l4xx_hal_tim.o
                0x0000000008003d96                HAL_TIM_IC_CaptureCallback
 .text.HAL_TIM_PWM_PulseFinishedCallback
                0x0000000008003daa       0x14 Drivers/STM32L4xx_HAL_Driver/Src/stm32l4xx_hal_tim.o
                0x0000000008003daa                HAL_TIM_PWM_PulseFinishedCallback
 .text.HAL_TIM_TriggerCallback
                0x0000000008003dbe       0x14 Drivers/STM32L4xx_HAL_Driver/Src/stm32l4xx_hal_tim.o
                0x0000000008003dbe                HAL_TIM_TriggerCallback
 *fill*         0x0000000008003dd2        0x2 
 .text.TIM_Base_SetConfig
                0x0000000008003dd4      0x134 Drivers/STM32L4xx_HAL_Driver/Src/stm32l4xx_hal_tim.o
                0x0000000008003dd4                TIM_Base_SetConfig
 .text.HAL_TIMEx_CommutCallback
                0x0000000008003f08       0x14 Drivers/STM32L4xx_HAL_Driver/Src/stm32l4xx_hal_tim_ex.o
                0x0000000008003f08                HAL_TIMEx_CommutCallback
 .text.HAL_TIMEx_BreakCallback
                0x0000000008003f1c       0x14 Drivers/STM32L4xx_HAL_Driver/Src/stm32l4xx_hal_tim_ex.o
                0x0000000008003f1c                HAL_TIMEx_BreakCallback
 .text.HAL_TIMEx_Break2Callback
                0x0000000008003f30       0x14 Drivers/STM32L4xx_HAL_Driver/Src/stm32l4xx_hal_tim_ex.o
                0x0000000008003f30                HAL_TIMEx_Break2Callback
 .text.HAL_UART_Init
                0x0000000008003f44       0x9c Drivers/STM32L4xx_HAL_Driver/Src/stm32l4xx_hal_uart.o
                0x0000000008003f44                HAL_UART_Init
 .text.HAL_UART_Transmit
                0x0000000008003fe0      0x126 Drivers/STM32L4xx_HAL_Driver/Src/stm32l4xx_hal_uart.o
                0x0000000008003fe0                HAL_UART_Transmit
 *fill*         0x0000000008004106        0x2 
 .text.UART_SetConfig
                0x0000000008004108      0x690 Drivers/STM32L4xx_HAL_Driver/Src/stm32l4xx_hal_uart.o
                0x0000000008004108                UART_SetConfig
 .text.UART_AdvFeatureConfig
                0x0000000008004798      0x144 Drivers/STM32L4xx_HAL_Driver/Src/stm32l4xx_hal_uart.o
                0x0000000008004798                UART_AdvFeatureConfig
 .text.UART_CheckIdleState
                0x00000000080048dc       0x8a Drivers/STM32L4xx_HAL_Driver/Src/stm32l4xx_hal_uart.o
                0x00000000080048dc                UART_CheckIdleState
 .text.UART_WaitOnFlagUntilTimeout
                0x0000000008004966       0x90 Drivers/STM32L4xx_HAL_Driver/Src/stm32l4xx_hal_uart.o
                0x0000000008004966                UART_WaitOnFlagUntilTimeout
 .text.USB_CoreInit
                0x00000000080049f6       0xa4 Drivers/STM32L4xx_HAL_Driver/Src/stm32l4xx_ll_usb.o
                0x00000000080049f6                USB_CoreInit
 .text.USB_DisableGlobalInt
                0x0000000008004a9a       0x22 Drivers/STM32L4xx_HAL_Driver/Src/stm32l4xx_ll_usb.o
                0x0000000008004a9a                USB_DisableGlobalInt
 .text.USB_SetCurrentMode
                0x0000000008004abc       0x54 Drivers/STM32L4xx_HAL_Driver/Src/stm32l4xx_ll_usb.o
                0x0000000008004abc                USB_SetCurrentMode
 .text.USB_DevInit
                0x0000000008004b10      0x284 Drivers/STM32L4xx_HAL_Driver/Src/stm32l4xx_ll_usb.o
                0x0000000008004b10                USB_DevInit
 .text.USB_FlushTxFifo
                0x0000000008004d94       0x4c Drivers/STM32L4xx_HAL_Driver/Src/stm32l4xx_ll_usb.o
                0x0000000008004d94                USB_FlushTxFifo
 .text.USB_FlushRxFifo
                0x0000000008004de0       0x44 Drivers/STM32L4xx_HAL_Driver/Src/stm32l4xx_ll_usb.o
                0x0000000008004de0                USB_FlushRxFifo
 .text.USB_SetDevSpeed
                0x0000000008004e24       0x32 Drivers/STM32L4xx_HAL_Driver/Src/stm32l4xx_ll_usb.o
                0x0000000008004e24                USB_SetDevSpeed
 .text.USB_DevDisconnect
                0x0000000008004e56       0x30 Drivers/STM32L4xx_HAL_Driver/Src/stm32l4xx_ll_usb.o
                0x0000000008004e56                USB_DevDisconnect
 *fill*         0x0000000008004e86        0x2 
 .text.USB_CoreReset
                0x0000000008004e88       0x68 Drivers/STM32L4xx_HAL_Driver/Src/stm32l4xx_ll_usb.o
 .text.makeFreeRtosPriority
                0x0000000008004ef0       0x30 Middlewares/Third_Party/FreeRTOS/Source/CMSIS_RTOS/cmsis_os.o
 .text.osKernelStart
                0x0000000008004f20        0xe Middlewares/Third_Party/FreeRTOS/Source/CMSIS_RTOS/cmsis_os.o
                0x0000000008004f20                osKernelStart
 .text.osThreadCreate
                0x0000000008004f2e       0x98 Middlewares/Third_Party/FreeRTOS/Source/CMSIS_RTOS/cmsis_os.o
                0x0000000008004f2e                osThreadCreate
 .text.osDelay  0x0000000008004fc6       0x28 Middlewares/Third_Party/FreeRTOS/Source/CMSIS_RTOS/cmsis_os.o
                0x0000000008004fc6                osDelay
 .text.vListInitialise
                0x0000000008004fee       0x40 Middlewares/Third_Party/FreeRTOS/Source/list.o
                0x0000000008004fee                vListInitialise
 .text.vListInitialiseItem
                0x000000000800502e       0x1a Middlewares/Third_Party/FreeRTOS/Source/list.o
                0x000000000800502e                vListInitialiseItem
 .text.vListInsertEnd
                0x0000000008005048       0x48 Middlewares/Third_Party/FreeRTOS/Source/list.o
                0x0000000008005048                vListInsertEnd
 .text.vListInsert
                0x0000000008005090       0x72 Middlewares/Third_Party/FreeRTOS/Source/list.o
                0x0000000008005090                vListInsert
 .text.uxListRemove
                0x0000000008005102       0x54 Middlewares/Third_Party/FreeRTOS/Source/list.o
                0x0000000008005102                uxListRemove
 .text.xTaskCreateStatic
                0x0000000008005156       0xb2 Middlewares/Third_Party/FreeRTOS/Source/tasks.o
                0x0000000008005156                xTaskCreateStatic
 .text.xTaskCreate
                0x0000000008005208       0x8a Middlewares/Third_Party/FreeRTOS/Source/tasks.o
                0x0000000008005208                xTaskCreate
 .text.prvInitialiseNewTask
                0x0000000008005292       0xfc Middlewares/Third_Party/FreeRTOS/Source/tasks.o
 *fill*         0x000000000800538e        0x2 
 .text.prvAddNewTaskToReadyList
                0x0000000008005390       0xd4 Middlewares/Third_Party/FreeRTOS/Source/tasks.o
 .text.vTaskDelay
                0x0000000008005464       0x68 Middlewares/Third_Party/FreeRTOS/Source/tasks.o
                0x0000000008005464                vTaskDelay
 .text.vTaskStartScheduler
                0x00000000080054cc       0xbc Middlewares/Third_Party/FreeRTOS/Source/tasks.o
                0x00000000080054cc                vTaskStartScheduler
 .text.vTaskSuspendAll
                0x0000000008005588       0x1c Middlewares/Third_Party/FreeRTOS/Source/tasks.o
                0x0000000008005588                vTaskSuspendAll
 .text.xTaskResumeAll
                0x00000000080055a4      0x138 Middlewares/Third_Party/FreeRTOS/Source/tasks.o
                0x00000000080055a4                xTaskResumeAll
 .text.xTaskIncrementTick
                0x00000000080056dc      0x178 Middlewares/Third_Party/FreeRTOS/Source/tasks.o
                0x00000000080056dc                xTaskIncrementTick
 .text.vTaskSwitchContext
                0x0000000008005854       0xb4 Middlewares/Third_Party/FreeRTOS/Source/tasks.o
                0x0000000008005854                vTaskSwitchContext
 .text.prvIdleTask
                0x0000000008005908       0x30 Middlewares/Third_Party/FreeRTOS/Source/tasks.o
 .text.prvInitialiseTaskLists
                0x0000000008005938       0x80 Middlewares/Third_Party/FreeRTOS/Source/tasks.o
 .text.prvCheckTasksWaitingTermination
                0x00000000080059b8       0x58 Middlewares/Third_Party/FreeRTOS/Source/tasks.o
 .text.prvDeleteTCB
                0x0000000008005a10       0x5c Middlewares/Third_Party/FreeRTOS/Source/tasks.o
 .text.prvResetNextTaskUnblockTime
                0x0000000008005a6c       0x4c Middlewares/Third_Party/FreeRTOS/Source/tasks.o
 .text.prvAddCurrentTaskToDelayedList
                0x0000000008005ab8       0xcc Middlewares/Third_Party/FreeRTOS/Source/tasks.o
 .text.pxPortInitialiseStack
                0x0000000008005b84       0x68 Middlewares/Third_Party/FreeRTOS/Source/portable/GCC/ARM_CM4F/port.o
                0x0000000008005b84                pxPortInitialiseStack
 .text.prvTaskExitError
                0x0000000008005bec       0x54 Middlewares/Third_Party/FreeRTOS/Source/portable/GCC/ARM_CM4F/port.o
 .text.SVC_Handler
                0x0000000008005c40       0x28 Middlewares/Third_Party/FreeRTOS/Source/portable/GCC/ARM_CM4F/port.o
                0x0000000008005c40                SVC_Handler
 .text.prvPortStartFirstTask
                0x0000000008005c68       0x28 Middlewares/Third_Party/FreeRTOS/Source/portable/GCC/ARM_CM4F/port.o
 .text.xPortStartScheduler
                0x0000000008005c90      0x13c Middlewares/Third_Party/FreeRTOS/Source/portable/GCC/ARM_CM4F/port.o
                0x0000000008005c90                xPortStartScheduler
 .text.vPortEnterCritical
                0x0000000008005dcc       0x5c Middlewares/Third_Party/FreeRTOS/Source/portable/GCC/ARM_CM4F/port.o
                0x0000000008005dcc                vPortEnterCritical
 .text.vPortExitCritical
                0x0000000008005e28       0x50 Middlewares/Third_Party/FreeRTOS/Source/portable/GCC/ARM_CM4F/port.o
                0x0000000008005e28                vPortExitCritical
 *fill*         0x0000000008005e78        0x8 
 .text.PendSV_Handler
                0x0000000008005e80       0x68 Middlewares/Third_Party/FreeRTOS/Source/portable/GCC/ARM_CM4F/port.o
                0x0000000008005e80                PendSV_Handler
 .text.SysTick_Handler
                0x0000000008005ee8       0x40 Middlewares/Third_Party/FreeRTOS/Source/portable/GCC/ARM_CM4F/port.o
                0x0000000008005ee8                SysTick_Handler
 .text.vPortSetupTimerInterrupt
                0x0000000008005f28       0x48 Middlewares/Third_Party/FreeRTOS/Source/portable/GCC/ARM_CM4F/port.o
                0x0000000008005f28                vPortSetupTimerInterrupt
 .text.vPortEnableVFP
                0x0000000008005f70       0x14 Middlewares/Third_Party/FreeRTOS/Source/portable/GCC/ARM_CM4F/port.o
 .text.pvPortMalloc
                0x0000000008005f84      0x184 Middlewares/Third_Party/FreeRTOS/Source/portable/MemMang/heap_4.o
                0x0000000008005f84                pvPortMalloc
 .text.vPortFree
                0x0000000008006108       0xb0 Middlewares/Third_Party/FreeRTOS/Source/portable/MemMang/heap_4.o
                0x0000000008006108                vPortFree
 .text.prvHeapInit
                0x00000000080061b8       0xc4 Middlewares/Third_Party/FreeRTOS/Source/portable/MemMang/heap_4.o
 .text.prvInsertBlockIntoFreeList
                0x000000000800627c       0xb4 Middlewares/Third_Party/FreeRTOS/Source/portable/MemMang/heap_4.o
 .text.__libc_init_array
                0x0000000008006330       0x48 c:/st/stm32cubeide_1.3.0/stm32cubeide/plugins/com.st.stm32cube.ide.mcu.externaltools.gnu-tools-for-stm32.7-2018-q2-update.win32_1.0.0.201904181610/tools/bin/../lib/gcc/arm-none-eabi/7.3.1/../../../../arm-none-eabi/lib/thumb/v7e-m/fpv4-sp/hard\libc_nano.a(lib_a-init.o)
                0x0000000008006330                __libc_init_array
 .text.memset   0x0000000008006378       0x10 c:/st/stm32cubeide_1.3.0/stm32cubeide/plugins/com.st.stm32cube.ide.mcu.externaltools.gnu-tools-for-stm32.7-2018-q2-update.win32_1.0.0.201904181610/tools/bin/../lib/gcc/arm-none-eabi/7.3.1/../../../../arm-none-eabi/lib/thumb/v7e-m/fpv4-sp/hard\libc_nano.a(lib_a-memset.o)
                0x0000000008006378                memset
 *(.glue_7)
 .glue_7        0x0000000008006388        0x0 linker stubs
 *(.glue_7t)
 .glue_7t       0x0000000008006388        0x0 linker stubs
 *(.eh_frame)
 .eh_frame      0x0000000008006388        0x0 c:/st/stm32cubeide_1.3.0/stm32cubeide/plugins/com.st.stm32cube.ide.mcu.externaltools.gnu-tools-for-stm32.7-2018-q2-update.win32_1.0.0.201904181610/tools/bin/../lib/gcc/arm-none-eabi/7.3.1/thumb/v7e-m/fpv4-sp/hard/crtbegin.o
 *(.init)
 .init          0x0000000008006388        0x4 c:/st/stm32cubeide_1.3.0/stm32cubeide/plugins/com.st.stm32cube.ide.mcu.externaltools.gnu-tools-for-stm32.7-2018-q2-update.win32_1.0.0.201904181610/tools/bin/../lib/gcc/arm-none-eabi/7.3.1/thumb/v7e-m/fpv4-sp/hard/crti.o
                0x0000000008006388                _init
 .init          0x000000000800638c        0x8 c:/st/stm32cubeide_1.3.0/stm32cubeide/plugins/com.st.stm32cube.ide.mcu.externaltools.gnu-tools-for-stm32.7-2018-q2-update.win32_1.0.0.201904181610/tools/bin/../lib/gcc/arm-none-eabi/7.3.1/thumb/v7e-m/fpv4-sp/hard/crtn.o
 *(.fini)
 .fini          0x0000000008006394        0x4 c:/st/stm32cubeide_1.3.0/stm32cubeide/plugins/com.st.stm32cube.ide.mcu.externaltools.gnu-tools-for-stm32.7-2018-q2-update.win32_1.0.0.201904181610/tools/bin/../lib/gcc/arm-none-eabi/7.3.1/thumb/v7e-m/fpv4-sp/hard/crti.o
                0x0000000008006394                _fini
 .fini          0x0000000008006398        0x8 c:/st/stm32cubeide_1.3.0/stm32cubeide/plugins/com.st.stm32cube.ide.mcu.externaltools.gnu-tools-for-stm32.7-2018-q2-update.win32_1.0.0.201904181610/tools/bin/../lib/gcc/arm-none-eabi/7.3.1/thumb/v7e-m/fpv4-sp/hard/crtn.o
                0x00000000080063a0                . = ALIGN (0x4)
                0x00000000080063a0                _etext = .

.vfp11_veneer   0x00000000080063a0        0x0
 .vfp11_veneer  0x00000000080063a0        0x0 linker stubs

.v4_bx          0x00000000080063a0        0x0
 .v4_bx         0x00000000080063a0        0x0 linker stubs

.iplt           0x00000000080063a0        0x0
 .iplt          0x00000000080063a0        0x0 c:/st/stm32cubeide_1.3.0/stm32cubeide/plugins/com.st.stm32cube.ide.mcu.externaltools.gnu-tools-for-stm32.7-2018-q2-update.win32_1.0.0.201904181610/tools/bin/../lib/gcc/arm-none-eabi/7.3.1/thumb/v7e-m/fpv4-sp/hard/crtbegin.o

.rodata         0x00000000080063a0       0xd8
                0x00000000080063a0                . = ALIGN (0x4)
 *(.rodata)
 .rodata        0x00000000080063a0       0x86 Core/Src/main.o
 *fill*         0x0000000008006426        0x2 
 .rodata        0x0000000008006428        0x5 Middlewares/Third_Party/FreeRTOS/Source/tasks.o
 *(.rodata*)
 *fill*         0x000000000800642d        0x3 
 .rodata.AHBPrescTable
                0x0000000008006430       0x10 Core/Src/system_stm32l4xx.o
                0x0000000008006430                AHBPrescTable
 .rodata.APBPrescTable
                0x0000000008006440        0x8 Core/Src/system_stm32l4xx.o
                0x0000000008006440                APBPrescTable
 .rodata.MSIRangeTable
                0x0000000008006448       0x30 Core/Src/system_stm32l4xx.o
                0x0000000008006448                MSIRangeTable
                0x0000000008006478                . = ALIGN (0x4)

.ARM.extab      0x0000000008006478        0x0
                0x0000000008006478                . = ALIGN (0x4)
 *(.ARM.extab* .gnu.linkonce.armextab.*)
                0x0000000008006478                . = ALIGN (0x4)

.ARM            0x0000000008006478        0x8
                0x0000000008006478                . = ALIGN (0x4)
                0x0000000008006478                __exidx_start = .
 *(.ARM.exidx*)
 .ARM.exidx     0x0000000008006478        0x8 c:/st/stm32cubeide_1.3.0/stm32cubeide/plugins/com.st.stm32cube.ide.mcu.externaltools.gnu-tools-for-stm32.7-2018-q2-update.win32_1.0.0.201904181610/tools/bin/../lib/gcc/arm-none-eabi/7.3.1/thumb/v7e-m/fpv4-sp/hard\libgcc.a(_udivmoddi4.o)
                0x0000000008006480                __exidx_end = .
                0x0000000008006480                . = ALIGN (0x4)

.rel.dyn        0x0000000008006480        0x0
 .rel.iplt      0x0000000008006480        0x0 c:/st/stm32cubeide_1.3.0/stm32cubeide/plugins/com.st.stm32cube.ide.mcu.externaltools.gnu-tools-for-stm32.7-2018-q2-update.win32_1.0.0.201904181610/tools/bin/../lib/gcc/arm-none-eabi/7.3.1/thumb/v7e-m/fpv4-sp/hard/crtbegin.o

.preinit_array  0x0000000008006480        0x0
                0x0000000008006480                . = ALIGN (0x4)
                0x0000000008006480                PROVIDE (__preinit_array_start = .)
 *(.preinit_array*)
                0x0000000008006480                PROVIDE (__preinit_array_end = .)
                0x0000000008006480                . = ALIGN (0x4)

.init_array     0x0000000008006480        0x4
                0x0000000008006480                . = ALIGN (0x4)
                0x0000000008006480                PROVIDE (__init_array_start = .)
 *(SORT_BY_NAME(.init_array.*))
 *(.init_array*)
 .init_array    0x0000000008006480        0x4 c:/st/stm32cubeide_1.3.0/stm32cubeide/plugins/com.st.stm32cube.ide.mcu.externaltools.gnu-tools-for-stm32.7-2018-q2-update.win32_1.0.0.201904181610/tools/bin/../lib/gcc/arm-none-eabi/7.3.1/thumb/v7e-m/fpv4-sp/hard/crtbegin.o
                0x0000000008006484                PROVIDE (__init_array_end = .)
                0x0000000008006484                . = ALIGN (0x4)

.fini_array     0x0000000008006484        0x4
                0x0000000008006484                . = ALIGN (0x4)
                [!provide]                        PROVIDE (__fini_array_start = .)
 *(SORT_BY_NAME(.fini_array.*))
 *(.fini_array*)
 .fini_array    0x0000000008006484        0x4 c:/st/stm32cubeide_1.3.0/stm32cubeide/plugins/com.st.stm32cube.ide.mcu.externaltools.gnu-tools-for-stm32.7-2018-q2-update.win32_1.0.0.201904181610/tools/bin/../lib/gcc/arm-none-eabi/7.3.1/thumb/v7e-m/fpv4-sp/hard/crtbegin.o
                [!provide]                        PROVIDE (__fini_array_end = .)
                0x0000000008006488                . = ALIGN (0x4)
                0x0000000008006488                _sidata = LOADADDR (.data)

.data           0x0000000020000000       0x10 load address 0x0000000008006488
                0x0000000020000000                . = ALIGN (0x4)
                0x0000000020000000                _sdata = .
 *(.data)
 *(.data*)
 .data.SystemCoreClock
                0x0000000020000000        0x4 Core/Src/system_stm32l4xx.o
                0x0000000020000000                SystemCoreClock
 .data.uwTickPrio
                0x0000000020000004        0x4 Drivers/STM32L4xx_HAL_Driver/Src/stm32l4xx_hal.o
                0x0000000020000004                uwTickPrio
 .data.uwTickFreq
                0x0000000020000008        0x4 Drivers/STM32L4xx_HAL_Driver/Src/stm32l4xx_hal.o
                0x0000000020000008                uwTickFreq
 .data.uxCriticalNesting
                0x000000002000000c        0x4 Middlewares/Third_Party/FreeRTOS/Source/portable/GCC/ARM_CM4F/port.o
                0x0000000020000010                . = ALIGN (0x4)
                0x0000000020000010                _edata = .

.igot.plt       0x0000000020000010        0x0 load address 0x0000000008006498
 .igot.plt      0x0000000020000010        0x0 c:/st/stm32cubeide_1.3.0/stm32cubeide/plugins/com.st.stm32cube.ide.mcu.externaltools.gnu-tools-for-stm32.7-2018-q2-update.win32_1.0.0.201904181610/tools/bin/../lib/gcc/arm-none-eabi/7.3.1/thumb/v7e-m/fpv4-sp/hard/crtbegin.o
                0x0000000020000010                . = ALIGN (0x4)

.bss            0x0000000020000010     0x1620 load address 0x0000000008006498
                0x0000000020000010                _sbss = .
                0x0000000020000010                __bss_start__ = _sbss
 *(.bss)
 .bss           0x0000000020000010       0x1c c:/st/stm32cubeide_1.3.0/stm32cubeide/plugins/com.st.stm32cube.ide.mcu.externaltools.gnu-tools-for-stm32.7-2018-q2-update.win32_1.0.0.201904181610/tools/bin/../lib/gcc/arm-none-eabi/7.3.1/thumb/v7e-m/fpv4-sp/hard/crtbegin.o
 *(.bss*)
 .bss.xIdleTaskTCBBuffer
                0x000000002000002c       0x54 Core/Src/freertos.o
 .bss.xIdleStack
                0x0000000020000080      0x200 Core/Src/freertos.o
 .bss.DFSDM1_Init
                0x0000000020000280        0x4 Core/Src/stm32l4xx_hal_msp.o
 .bss.v_dfsdm1ChannelCounter
                0x0000000020000284        0x4 Drivers/STM32L4xx_HAL_Driver/Src/stm32l4xx_hal_dfsdm.o
 .bss.a_dfsdm1ChannelHandle
                0x0000000020000288       0x20 Drivers/STM32L4xx_HAL_Driver/Src/stm32l4xx_hal_dfsdm.o
 .bss.pxCurrentTCB
                0x00000000200002a8        0x4 Middlewares/Third_Party/FreeRTOS/Source/tasks.o
                0x00000000200002a8                pxCurrentTCB
 .bss.pxReadyTasksLists
                0x00000000200002ac       0x8c Middlewares/Third_Party/FreeRTOS/Source/tasks.o
 .bss.xDelayedTaskList1
                0x0000000020000338       0x14 Middlewares/Third_Party/FreeRTOS/Source/tasks.o
 .bss.xDelayedTaskList2
                0x000000002000034c       0x14 Middlewares/Third_Party/FreeRTOS/Source/tasks.o
 .bss.pxDelayedTaskList
                0x0000000020000360        0x4 Middlewares/Third_Party/FreeRTOS/Source/tasks.o
 .bss.pxOverflowDelayedTaskList
                0x0000000020000364        0x4 Middlewares/Third_Party/FreeRTOS/Source/tasks.o
 .bss.xPendingReadyList
                0x0000000020000368       0x14 Middlewares/Third_Party/FreeRTOS/Source/tasks.o
 .bss.xTasksWaitingTermination
                0x000000002000037c       0x14 Middlewares/Third_Party/FreeRTOS/Source/tasks.o
 .bss.uxDeletedTasksWaitingCleanUp
                0x0000000020000390        0x4 Middlewares/Third_Party/FreeRTOS/Source/tasks.o
 .bss.xSuspendedTaskList
                0x0000000020000394       0x14 Middlewares/Third_Party/FreeRTOS/Source/tasks.o
 .bss.uxCurrentNumberOfTasks
                0x00000000200003a8        0x4 Middlewares/Third_Party/FreeRTOS/Source/tasks.o
 .bss.xTickCount
                0x00000000200003ac        0x4 Middlewares/Third_Party/FreeRTOS/Source/tasks.o
 .bss.uxTopReadyPriority
                0x00000000200003b0        0x4 Middlewares/Third_Party/FreeRTOS/Source/tasks.o
 .bss.xSchedulerRunning
                0x00000000200003b4        0x4 Middlewares/Third_Party/FreeRTOS/Source/tasks.o
 .bss.uxPendedTicks
                0x00000000200003b8        0x4 Middlewares/Third_Party/FreeRTOS/Source/tasks.o
 .bss.xYieldPending
                0x00000000200003bc        0x4 Middlewares/Third_Party/FreeRTOS/Source/tasks.o
 .bss.xNumOfOverflows
                0x00000000200003c0        0x4 Middlewares/Third_Party/FreeRTOS/Source/tasks.o
 .bss.uxTaskNumber
                0x00000000200003c4        0x4 Middlewares/Third_Party/FreeRTOS/Source/tasks.o
 .bss.xNextTaskUnblockTime
                0x00000000200003c8        0x4 Middlewares/Third_Party/FreeRTOS/Source/tasks.o
 .bss.xIdleTaskHandle
                0x00000000200003cc        0x4 Middlewares/Third_Party/FreeRTOS/Source/tasks.o
 .bss.uxSchedulerSuspended
                0x00000000200003d0        0x4 Middlewares/Third_Party/FreeRTOS/Source/tasks.o
 .bss.ucMaxSysCallPriority
                0x00000000200003d4        0x1 Middlewares/Third_Party/FreeRTOS/Source/portable/GCC/ARM_CM4F/port.o
 *fill*         0x00000000200003d5        0x3 
 .bss.ulMaxPRIGROUPValue
                0x00000000200003d8        0x4 Middlewares/Third_Party/FreeRTOS/Source/portable/GCC/ARM_CM4F/port.o
 .bss.ucHeap    0x00000000200003dc      0xbb8 Middlewares/Third_Party/FreeRTOS/Source/portable/MemMang/heap_4.o
 .bss.xStart    0x0000000020000f94        0x8 Middlewares/Third_Party/FreeRTOS/Source/portable/MemMang/heap_4.o
 .bss.pxEnd     0x0000000020000f9c        0x4 Middlewares/Third_Party/FreeRTOS/Source/portable/MemMang/heap_4.o
 .bss.xFreeBytesRemaining
                0x0000000020000fa0        0x4 Middlewares/Third_Party/FreeRTOS/Source/portable/MemMang/heap_4.o
 .bss.xMinimumEverFreeBytesRemaining
                0x0000000020000fa4        0x4 Middlewares/Third_Party/FreeRTOS/Source/portable/MemMang/heap_4.o
 .bss.xBlockAllocatedBit
                0x0000000020000fa8        0x4 Middlewares/Third_Party/FreeRTOS/Source/portable/MemMang/heap_4.o
 *(COMMON)
 COMMON         0x0000000020000fac      0x640 Core/Src/main.o
                0x0000000020000fac                hdfsdm1_channel1
                0x0000000020000fe4                PrintTaskHandleHandle
                0x0000000020000fe8                Blink2TaskHandlHandle
                0x0000000020000fec                huart3
                0x000000002000106c                hpcd_USB_OTG_FS
                0x0000000020001474                hi2c2
                0x00000000200014c0                Blink1TaskHandlHandle
                0x00000000200014c4                hspi3
                0x0000000020001528                huart1
                0x00000000200015a8                hqspi
 COMMON         0x00000000200015ec       0x40 Core/Src/stm32l4xx_hal_timebase_tim.o
                0x00000000200015ec                htim6
 COMMON         0x000000002000162c        0x4 Drivers/STM32L4xx_HAL_Driver/Src/stm32l4xx_hal.o
                0x000000002000162c                uwTick
                0x0000000020001630                . = ALIGN (0x4)
                0x0000000020001630                _ebss = .
                0x0000000020001630                __bss_end__ = _ebss

._user_heap_stack
                0x0000000020001630      0x600 load address 0x0000000008006498
                0x0000000020001630                . = ALIGN (0x8)
                0x0000000020001630                PROVIDE (end = .)
                [!provide]                        PROVIDE (_end = .)
                0x0000000020001830                . = (. + _Min_Heap_Size)
 *fill*         0x0000000020001630      0x200 
                0x0000000020001c30                . = (. + _Min_Stack_Size)
 *fill*         0x0000000020001830      0x400 
                0x0000000020001c30                . = ALIGN (0x8)

/DISCARD/
 libc.a(*)
 libm.a(*)
 libgcc.a(*)

.ARM.attributes
                0x0000000000000000       0x30
 *(.ARM.attributes)
 .ARM.attributes
                0x0000000000000000       0x22 c:/st/stm32cubeide_1.3.0/stm32cubeide/plugins/com.st.stm32cube.ide.mcu.externaltools.gnu-tools-for-stm32.7-2018-q2-update.win32_1.0.0.201904181610/tools/bin/../lib/gcc/arm-none-eabi/7.3.1/thumb/v7e-m/fpv4-sp/hard/crti.o
 .ARM.attributes
                0x0000000000000022       0x34 c:/st/stm32cubeide_1.3.0/stm32cubeide/plugins/com.st.stm32cube.ide.mcu.externaltools.gnu-tools-for-stm32.7-2018-q2-update.win32_1.0.0.201904181610/tools/bin/../lib/gcc/arm-none-eabi/7.3.1/thumb/v7e-m/fpv4-sp/hard/crtbegin.o
 .ARM.attributes
                0x0000000000000056       0x39 Core/Src/freertos.o
 .ARM.attributes
                0x000000000000008f       0x39 Core/Src/main.o
 .ARM.attributes
                0x00000000000000c8       0x39 Core/Src/stm32l4xx_hal_msp.o
 .ARM.attributes
                0x0000000000000101       0x39 Core/Src/stm32l4xx_hal_timebase_tim.o
 .ARM.attributes
                0x000000000000013a       0x39 Core/Src/stm32l4xx_it.o
 .ARM.attributes
                0x0000000000000173       0x39 Core/Src/system_stm32l4xx.o
 .ARM.attributes
                0x00000000000001ac       0x21 Core/Startup/startup_stm32l475vgtx.o
 .ARM.attributes
                0x00000000000001cd       0x39 Drivers/STM32L4xx_HAL_Driver/Src/stm32l4xx_hal.o
 .ARM.attributes
                0x0000000000000206       0x39 Drivers/STM32L4xx_HAL_Driver/Src/stm32l4xx_hal_cortex.o
 .ARM.attributes
                0x000000000000023f       0x39 Drivers/STM32L4xx_HAL_Driver/Src/stm32l4xx_hal_dfsdm.o
 .ARM.attributes
                0x0000000000000278       0x39 Drivers/STM32L4xx_HAL_Driver/Src/stm32l4xx_hal_gpio.o
 .ARM.attributes
                0x00000000000002b1       0x39 Drivers/STM32L4xx_HAL_Driver/Src/stm32l4xx_hal_i2c.o
 .ARM.attributes
                0x00000000000002ea       0x39 Drivers/STM32L4xx_HAL_Driver/Src/stm32l4xx_hal_i2c_ex.o
 .ARM.attributes
                0x0000000000000323       0x39 Drivers/STM32L4xx_HAL_Driver/Src/stm32l4xx_hal_pcd.o
 .ARM.attributes
                0x000000000000035c       0x39 Drivers/STM32L4xx_HAL_Driver/Src/stm32l4xx_hal_pcd_ex.o
 .ARM.attributes
                0x0000000000000395       0x39 Drivers/STM32L4xx_HAL_Driver/Src/stm32l4xx_hal_pwr.o
 .ARM.attributes
                0x00000000000003ce       0x39 Drivers/STM32L4xx_HAL_Driver/Src/stm32l4xx_hal_pwr_ex.o
 .ARM.attributes
                0x0000000000000407       0x39 Drivers/STM32L4xx_HAL_Driver/Src/stm32l4xx_hal_qspi.o
 .ARM.attributes
                0x0000000000000440       0x39 Drivers/STM32L4xx_HAL_Driver/Src/stm32l4xx_hal_rcc.o
 .ARM.attributes
                0x0000000000000479       0x39 Drivers/STM32L4xx_HAL_Driver/Src/stm32l4xx_hal_rcc_ex.o
 .ARM.attributes
                0x00000000000004b2       0x39 Drivers/STM32L4xx_HAL_Driver/Src/stm32l4xx_hal_spi.o
 .ARM.attributes
                0x00000000000004eb       0x39 Drivers/STM32L4xx_HAL_Driver/Src/stm32l4xx_hal_tim.o
 .ARM.attributes
                0x0000000000000524       0x39 Drivers/STM32L4xx_HAL_Driver/Src/stm32l4xx_hal_tim_ex.o
 .ARM.attributes
                0x000000000000055d       0x39 Drivers/STM32L4xx_HAL_Driver/Src/stm32l4xx_hal_uart.o
 .ARM.attributes
                0x0000000000000596       0x39 Drivers/STM32L4xx_HAL_Driver/Src/stm32l4xx_ll_usb.o
 .ARM.attributes
                0x00000000000005cf       0x39 Middlewares/Third_Party/FreeRTOS/Source/CMSIS_RTOS/cmsis_os.o
 .ARM.attributes
                0x0000000000000608       0x39 Middlewares/Third_Party/FreeRTOS/Source/list.o
 .ARM.attributes
                0x0000000000000641       0x39 Middlewares/Third_Party/FreeRTOS/Source/tasks.o
 .ARM.attributes
                0x000000000000067a       0x39 Middlewares/Third_Party/FreeRTOS/Source/portable/GCC/ARM_CM4F/port.o
 .ARM.attributes
                0x00000000000006b3       0x39 Middlewares/Third_Party/FreeRTOS/Source/portable/MemMang/heap_4.o
 .ARM.attributes
                0x00000000000006ec       0x34 c:/st/stm32cubeide_1.3.0/stm32cubeide/plugins/com.st.stm32cube.ide.mcu.externaltools.gnu-tools-for-stm32.7-2018-q2-update.win32_1.0.0.201904181610/tools/bin/../lib/gcc/arm-none-eabi/7.3.1/../../../../arm-none-eabi/lib/thumb/v7e-m/fpv4-sp/hard\libc_nano.a(lib_a-init.o)
 .ARM.attributes
                0x0000000000000720       0x34 c:/st/stm32cubeide_1.3.0/stm32cubeide/plugins/com.st.stm32cube.ide.mcu.externaltools.gnu-tools-for-stm32.7-2018-q2-update.win32_1.0.0.201904181610/tools/bin/../lib/gcc/arm-none-eabi/7.3.1/../../../../arm-none-eabi/lib/thumb/v7e-m/fpv4-sp/hard\libc_nano.a(lib_a-memset.o)
 .ARM.attributes
                0x0000000000000754       0x22 c:/st/stm32cubeide_1.3.0/stm32cubeide/plugins/com.st.stm32cube.ide.mcu.externaltools.gnu-tools-for-stm32.7-2018-q2-update.win32_1.0.0.201904181610/tools/bin/../lib/gcc/arm-none-eabi/7.3.1/thumb/v7e-m/fpv4-sp/hard\libgcc.a(_aeabi_uldivmod.o)
 .ARM.attributes
                0x0000000000000776       0x34 c:/st/stm32cubeide_1.3.0/stm32cubeide/plugins/com.st.stm32cube.ide.mcu.externaltools.gnu-tools-for-stm32.7-2018-q2-update.win32_1.0.0.201904181610/tools/bin/../lib/gcc/arm-none-eabi/7.3.1/thumb/v7e-m/fpv4-sp/hard\libgcc.a(_udivmoddi4.o)
 .ARM.attributes
                0x00000000000007aa       0x22 c:/st/stm32cubeide_1.3.0/stm32cubeide/plugins/com.st.stm32cube.ide.mcu.externaltools.gnu-tools-for-stm32.7-2018-q2-update.win32_1.0.0.201904181610/tools/bin/../lib/gcc/arm-none-eabi/7.3.1/thumb/v7e-m/fpv4-sp/hard\libgcc.a(_dvmd_tls.o)
 .ARM.attributes
                0x00000000000007cc       0x22 c:/st/stm32cubeide_1.3.0/stm32cubeide/plugins/com.st.stm32cube.ide.mcu.externaltools.gnu-tools-for-stm32.7-2018-q2-update.win32_1.0.0.201904181610/tools/bin/../lib/gcc/arm-none-eabi/7.3.1/thumb/v7e-m/fpv4-sp/hard/crtn.o
OUTPUT(TESTSERIALI.elf elf32-littlearm)

.debug_info     0x0000000000000000    0x21224
 .debug_info    0x0000000000000000      0x452 Core/Src/freertos.o
 .debug_info    0x0000000000000452     0x2630 Core/Src/main.o
 .debug_info    0x0000000000002a82     0x1ee6 Core/Src/stm32l4xx_hal_msp.o
 .debug_info    0x0000000000004968      0xc85 Core/Src/stm32l4xx_hal_timebase_tim.o
 .debug_info    0x00000000000055ed      0x7f7 Core/Src/stm32l4xx_it.o
 .debug_info    0x0000000000005de4      0x6f6 Core/Src/system_stm32l4xx.o
 .debug_info    0x00000000000064da       0x22 Core/Startup/startup_stm32l475vgtx.o
 .debug_info    0x00000000000064fc      0xbda Drivers/STM32L4xx_HAL_Driver/Src/stm32l4xx_hal.o
 .debug_info    0x00000000000070d6      0xf36 Drivers/STM32L4xx_HAL_Driver/Src/stm32l4xx_hal_cortex.o
 .debug_info    0x000000000000800c     0x1b74 Drivers/STM32L4xx_HAL_Driver/Src/stm32l4xx_hal_dfsdm.o
 .debug_info    0x0000000000009b80      0x982 Drivers/STM32L4xx_HAL_Driver/Src/stm32l4xx_hal_gpio.o
 .debug_info    0x000000000000a502     0x205c Drivers/STM32L4xx_HAL_Driver/Src/stm32l4xx_hal_i2c.o
 .debug_info    0x000000000000c55e      0xb41 Drivers/STM32L4xx_HAL_Driver/Src/stm32l4xx_hal_i2c_ex.o
 .debug_info    0x000000000000d09f     0x1281 Drivers/STM32L4xx_HAL_Driver/Src/stm32l4xx_hal_pcd.o
 .debug_info    0x000000000000e320      0x9d5 Drivers/STM32L4xx_HAL_Driver/Src/stm32l4xx_hal_pcd_ex.o
 .debug_info    0x000000000000ecf5      0xa60 Drivers/STM32L4xx_HAL_Driver/Src/stm32l4xx_hal_pwr.o
 .debug_info    0x000000000000f755      0xada Drivers/STM32L4xx_HAL_Driver/Src/stm32l4xx_hal_pwr_ex.o
 .debug_info    0x000000000001022f     0x129a Drivers/STM32L4xx_HAL_Driver/Src/stm32l4xx_hal_qspi.o
 .debug_info    0x00000000000114c9      0xcfe Drivers/STM32L4xx_HAL_Driver/Src/stm32l4xx_hal_rcc.o
 .debug_info    0x00000000000121c7      0xf10 Drivers/STM32L4xx_HAL_Driver/Src/stm32l4xx_hal_rcc_ex.o
 .debug_info    0x00000000000130d7     0x1702 Drivers/STM32L4xx_HAL_Driver/Src/stm32l4xx_hal_spi.o
 .debug_info    0x00000000000147d9     0x266d Drivers/STM32L4xx_HAL_Driver/Src/stm32l4xx_hal_tim.o
 .debug_info    0x0000000000016e46     0x13d8 Drivers/STM32L4xx_HAL_Driver/Src/stm32l4xx_hal_tim_ex.o
 .debug_info    0x000000000001821e     0x1776 Drivers/STM32L4xx_HAL_Driver/Src/stm32l4xx_hal_uart.o
 .debug_info    0x0000000000019994     0x1a15 Drivers/STM32L4xx_HAL_Driver/Src/stm32l4xx_ll_usb.o
 .debug_info    0x000000000001b3a9     0x1e5d Middlewares/Third_Party/FreeRTOS/Source/CMSIS_RTOS/cmsis_os.o
 .debug_info    0x000000000001d206      0xac5 Middlewares/Third_Party/FreeRTOS/Source/list.o
 .debug_info    0x000000000001dccb     0x243c Middlewares/Third_Party/FreeRTOS/Source/tasks.o
 .debug_info    0x0000000000020107      0x533 Middlewares/Third_Party/FreeRTOS/Source/portable/GCC/ARM_CM4F/port.o
 .debug_info    0x000000000002063a      0xbea Middlewares/Third_Party/FreeRTOS/Source/portable/MemMang/heap_4.o

.debug_abbrev   0x0000000000000000     0x3d73
 .debug_abbrev  0x0000000000000000      0x125 Core/Src/freertos.o
 .debug_abbrev  0x0000000000000125      0x292 Core/Src/main.o
 .debug_abbrev  0x00000000000003b7      0x210 Core/Src/stm32l4xx_hal_msp.o
 .debug_abbrev  0x00000000000005c7      0x19d Core/Src/stm32l4xx_hal_timebase_tim.o
 .debug_abbrev  0x0000000000000764      0x15a Core/Src/stm32l4xx_it.o
 .debug_abbrev  0x00000000000008be      0x150 Core/Src/system_stm32l4xx.o
 .debug_abbrev  0x0000000000000a0e       0x12 Core/Startup/startup_stm32l475vgtx.o
 .debug_abbrev  0x0000000000000a20      0x1fb Drivers/STM32L4xx_HAL_Driver/Src/stm32l4xx_hal.o
 .debug_abbrev  0x0000000000000c1b      0x2fa Drivers/STM32L4xx_HAL_Driver/Src/stm32l4xx_hal_cortex.o
 .debug_abbrev  0x0000000000000f15      0x239 Drivers/STM32L4xx_HAL_Driver/Src/stm32l4xx_hal_dfsdm.o
 .debug_abbrev  0x000000000000114e      0x1c0 Drivers/STM32L4xx_HAL_Driver/Src/stm32l4xx_hal_gpio.o
 .debug_abbrev  0x000000000000130e      0x22a Drivers/STM32L4xx_HAL_Driver/Src/stm32l4xx_hal_i2c.o
 .debug_abbrev  0x0000000000001538      0x1b9 Drivers/STM32L4xx_HAL_Driver/Src/stm32l4xx_hal_i2c_ex.o
 .debug_abbrev  0x00000000000016f1      0x266 Drivers/STM32L4xx_HAL_Driver/Src/stm32l4xx_hal_pcd.o
 .debug_abbrev  0x0000000000001957      0x214 Drivers/STM32L4xx_HAL_Driver/Src/stm32l4xx_hal_pcd_ex.o
 .debug_abbrev  0x0000000000001b6b      0x18b Drivers/STM32L4xx_HAL_Driver/Src/stm32l4xx_hal_pwr.o
 .debug_abbrev  0x0000000000001cf6      0x1cb Drivers/STM32L4xx_HAL_Driver/Src/stm32l4xx_hal_pwr_ex.o
 .debug_abbrev  0x0000000000001ec1      0x21f Drivers/STM32L4xx_HAL_Driver/Src/stm32l4xx_hal_qspi.o
 .debug_abbrev  0x00000000000020e0      0x245 Drivers/STM32L4xx_HAL_Driver/Src/stm32l4xx_hal_rcc.o
 .debug_abbrev  0x0000000000002325      0x238 Drivers/STM32L4xx_HAL_Driver/Src/stm32l4xx_hal_rcc_ex.o
 .debug_abbrev  0x000000000000255d      0x228 Drivers/STM32L4xx_HAL_Driver/Src/stm32l4xx_hal_spi.o
 .debug_abbrev  0x0000000000002785      0x230 Drivers/STM32L4xx_HAL_Driver/Src/stm32l4xx_hal_tim.o
 .debug_abbrev  0x00000000000029b5      0x21e Drivers/STM32L4xx_HAL_Driver/Src/stm32l4xx_hal_tim_ex.o
 .debug_abbrev  0x0000000000002bd3      0x205 Drivers/STM32L4xx_HAL_Driver/Src/stm32l4xx_hal_uart.o
 .debug_abbrev  0x0000000000002dd8      0x26d Drivers/STM32L4xx_HAL_Driver/Src/stm32l4xx_ll_usb.o
 .debug_abbrev  0x0000000000003045      0x379 Middlewares/Third_Party/FreeRTOS/Source/CMSIS_RTOS/cmsis_os.o
 .debug_abbrev  0x00000000000033be      0x1cf Middlewares/Third_Party/FreeRTOS/Source/list.o
 .debug_abbrev  0x000000000000358d      0x338 Middlewares/Third_Party/FreeRTOS/Source/tasks.o
 .debug_abbrev  0x00000000000038c5      0x210 Middlewares/Third_Party/FreeRTOS/Source/portable/GCC/ARM_CM4F/port.o
 .debug_abbrev  0x0000000000003ad5      0x29e Middlewares/Third_Party/FreeRTOS/Source/portable/MemMang/heap_4.o

.debug_aranges  0x0000000000000000     0x1ef8
 .debug_aranges
                0x0000000000000000       0x20 Core/Src/freertos.o
 .debug_aranges
                0x0000000000000020       0x90 Core/Src/main.o
 .debug_aranges
                0x00000000000000b0       0x80 Core/Src/stm32l4xx_hal_msp.o
 .debug_aranges
                0x0000000000000130       0x30 Core/Src/stm32l4xx_hal_timebase_tim.o
 .debug_aranges
                0x0000000000000160       0x60 Core/Src/stm32l4xx_it.o
 .debug_aranges
                0x00000000000001c0       0x28 Core/Src/system_stm32l4xx.o
 .debug_aranges
                0x00000000000001e8       0x28 Core/Startup/startup_stm32l475vgtx.o
 .debug_aranges
                0x0000000000000210      0x130 Drivers/STM32L4xx_HAL_Driver/Src/stm32l4xx_hal.o
 .debug_aranges
                0x0000000000000340      0x118 Drivers/STM32L4xx_HAL_Driver/Src/stm32l4xx_hal_cortex.o
 .debug_aranges
                0x0000000000000458      0x248 Drivers/STM32L4xx_HAL_Driver/Src/stm32l4xx_hal_dfsdm.o
 .debug_aranges
                0x00000000000006a0       0x58 Drivers/STM32L4xx_HAL_Driver/Src/stm32l4xx_hal_gpio.o
 .debug_aranges
                0x00000000000006f8      0x288 Drivers/STM32L4xx_HAL_Driver/Src/stm32l4xx_hal_i2c.o
 .debug_aranges
                0x0000000000000980       0x48 Drivers/STM32L4xx_HAL_Driver/Src/stm32l4xx_hal_i2c_ex.o
 .debug_aranges
                0x00000000000009c8      0x130 Drivers/STM32L4xx_HAL_Driver/Src/stm32l4xx_hal_pcd.o
 .debug_aranges
                0x0000000000000af8       0x60 Drivers/STM32L4xx_HAL_Driver/Src/stm32l4xx_hal_pcd_ex.o
 .debug_aranges
                0x0000000000000b58       0x98 Drivers/STM32L4xx_HAL_Driver/Src/stm32l4xx_hal_pwr.o
 .debug_aranges
                0x0000000000000bf0      0x148 Drivers/STM32L4xx_HAL_Driver/Src/stm32l4xx_hal_pwr_ex.o
 .debug_aranges
                0x0000000000000d38      0x160 Drivers/STM32L4xx_HAL_Driver/Src/stm32l4xx_hal_qspi.o
 .debug_aranges
                0x0000000000000e98       0x88 Drivers/STM32L4xx_HAL_Driver/Src/stm32l4xx_hal_rcc.o
 .debug_aranges
                0x0000000000000f20       0xc0 Drivers/STM32L4xx_HAL_Driver/Src/stm32l4xx_hal_rcc_ex.o
 .debug_aranges
                0x0000000000000fe0      0x1d8 Drivers/STM32L4xx_HAL_Driver/Src/stm32l4xx_hal_spi.o
 .debug_aranges
                0x00000000000011b8      0x3b8 Drivers/STM32L4xx_HAL_Driver/Src/stm32l4xx_hal_tim.o
 .debug_aranges
                0x0000000000001570      0x168 Drivers/STM32L4xx_HAL_Driver/Src/stm32l4xx_hal_tim_ex.o
 .debug_aranges
                0x00000000000016d8      0x1f8 Drivers/STM32L4xx_HAL_Driver/Src/stm32l4xx_hal_uart.o
 .debug_aranges
                0x00000000000018d0      0x198 Drivers/STM32L4xx_HAL_Driver/Src/stm32l4xx_ll_usb.o
 .debug_aranges
                0x0000000000001a68      0x1d8 Middlewares/Third_Party/FreeRTOS/Source/CMSIS_RTOS/cmsis_os.o
 .debug_aranges
                0x0000000000001c40       0x40 Middlewares/Third_Party/FreeRTOS/Source/list.o
 .debug_aranges
                0x0000000000001c80      0x1a8 Middlewares/Third_Party/FreeRTOS/Source/tasks.o
 .debug_aranges
                0x0000000000001e28       0x80 Middlewares/Third_Party/FreeRTOS/Source/portable/GCC/ARM_CM4F/port.o
 .debug_aranges
                0x0000000000001ea8       0x50 Middlewares/Third_Party/FreeRTOS/Source/portable/MemMang/heap_4.o

.debug_ranges   0x0000000000000000     0x1d20
 .debug_ranges  0x0000000000000000       0x10 Core/Src/freertos.o
 .debug_ranges  0x0000000000000010       0x80 Core/Src/main.o
 .debug_ranges  0x0000000000000090       0x70 Core/Src/stm32l4xx_hal_msp.o
 .debug_ranges  0x0000000000000100       0x20 Core/Src/stm32l4xx_hal_timebase_tim.o
 .debug_ranges  0x0000000000000120       0x50 Core/Src/stm32l4xx_it.o
 .debug_ranges  0x0000000000000170       0x18 Core/Src/system_stm32l4xx.o
 .debug_ranges  0x0000000000000188       0x20 Core/Startup/startup_stm32l475vgtx.o
 .debug_ranges  0x00000000000001a8      0x120 Drivers/STM32L4xx_HAL_Driver/Src/stm32l4xx_hal.o
 .debug_ranges  0x00000000000002c8      0x108 Drivers/STM32L4xx_HAL_Driver/Src/stm32l4xx_hal_cortex.o
 .debug_ranges  0x00000000000003d0      0x238 Drivers/STM32L4xx_HAL_Driver/Src/stm32l4xx_hal_dfsdm.o
 .debug_ranges  0x0000000000000608       0x48 Drivers/STM32L4xx_HAL_Driver/Src/stm32l4xx_hal_gpio.o
 .debug_ranges  0x0000000000000650      0x278 Drivers/STM32L4xx_HAL_Driver/Src/stm32l4xx_hal_i2c.o
 .debug_ranges  0x00000000000008c8       0x38 Drivers/STM32L4xx_HAL_Driver/Src/stm32l4xx_hal_i2c_ex.o
 .debug_ranges  0x0000000000000900      0x120 Drivers/STM32L4xx_HAL_Driver/Src/stm32l4xx_hal_pcd.o
 .debug_ranges  0x0000000000000a20       0x50 Drivers/STM32L4xx_HAL_Driver/Src/stm32l4xx_hal_pcd_ex.o
 .debug_ranges  0x0000000000000a70       0x88 Drivers/STM32L4xx_HAL_Driver/Src/stm32l4xx_hal_pwr.o
 .debug_ranges  0x0000000000000af8      0x138 Drivers/STM32L4xx_HAL_Driver/Src/stm32l4xx_hal_pwr_ex.o
 .debug_ranges  0x0000000000000c30      0x150 Drivers/STM32L4xx_HAL_Driver/Src/stm32l4xx_hal_qspi.o
 .debug_ranges  0x0000000000000d80       0x78 Drivers/STM32L4xx_HAL_Driver/Src/stm32l4xx_hal_rcc.o
 .debug_ranges  0x0000000000000df8       0xb0 Drivers/STM32L4xx_HAL_Driver/Src/stm32l4xx_hal_rcc_ex.o
 .debug_ranges  0x0000000000000ea8      0x1c8 Drivers/STM32L4xx_HAL_Driver/Src/stm32l4xx_hal_spi.o
 .debug_ranges  0x0000000000001070      0x3a8 Drivers/STM32L4xx_HAL_Driver/Src/stm32l4xx_hal_tim.o
 .debug_ranges  0x0000000000001418      0x158 Drivers/STM32L4xx_HAL_Driver/Src/stm32l4xx_hal_tim_ex.o
 .debug_ranges  0x0000000000001570      0x1e8 Drivers/STM32L4xx_HAL_Driver/Src/stm32l4xx_hal_uart.o
 .debug_ranges  0x0000000000001758      0x188 Drivers/STM32L4xx_HAL_Driver/Src/stm32l4xx_ll_usb.o
 .debug_ranges  0x00000000000018e0      0x1c8 Middlewares/Third_Party/FreeRTOS/Source/CMSIS_RTOS/cmsis_os.o
 .debug_ranges  0x0000000000001aa8       0x30 Middlewares/Third_Party/FreeRTOS/Source/list.o
 .debug_ranges  0x0000000000001ad8      0x198 Middlewares/Third_Party/FreeRTOS/Source/tasks.o
 .debug_ranges  0x0000000000001c70       0x70 Middlewares/Third_Party/FreeRTOS/Source/portable/GCC/ARM_CM4F/port.o
 .debug_ranges  0x0000000000001ce0       0x40 Middlewares/Third_Party/FreeRTOS/Source/portable/MemMang/heap_4.o

.debug_macro    0x0000000000000000    0x29ef9
 .debug_macro   0x0000000000000000      0x2ad Core/Src/freertos.o
 .debug_macro   0x00000000000002ad      0xa5a Core/Src/freertos.o
 .debug_macro   0x0000000000000d07      0x174 Core/Src/freertos.o
 .debug_macro   0x0000000000000e7b       0x22 Core/Src/freertos.o
 .debug_macro   0x0000000000000e9d       0x8e Core/Src/freertos.o
 .debug_macro   0x0000000000000f2b       0x51 Core/Src/freertos.o
 .debug_macro   0x0000000000000f7c       0xef Core/Src/freertos.o
 .debug_macro   0x000000000000106b       0x6a Core/Src/freertos.o
 .debug_macro   0x00000000000010d5      0x1df Core/Src/freertos.o
 .debug_macro   0x00000000000012b4       0xd6 Core/Src/freertos.o
 .debug_macro   0x000000000000138a      0x15a Core/Src/freertos.o
 .debug_macro   0x00000000000014e4       0xd7 Core/Src/freertos.o
 .debug_macro   0x00000000000015bb       0x10 Core/Src/freertos.o
 .debug_macro   0x00000000000015cb       0x1f Core/Src/freertos.o
 .debug_macro   0x00000000000015ea      0x4b7 Core/Src/freertos.o
 .debug_macro   0x0000000000001aa1       0xb5 Core/Src/freertos.o
 .debug_macro   0x0000000000001b56       0x8c Core/Src/freertos.o
 .debug_macro   0x0000000000001be2       0xd8 Core/Src/freertos.o
 .debug_macro   0x0000000000001cba       0x2e Core/Src/freertos.o
 .debug_macro   0x0000000000001ce8       0x28 Core/Src/freertos.o
 .debug_macro   0x0000000000001d10       0x1c Core/Src/freertos.o
 .debug_macro   0x0000000000001d2c       0x22 Core/Src/freertos.o
 .debug_macro   0x0000000000001d4e       0xdf Core/Src/freertos.o
 .debug_macro   0x0000000000001e2d     0x102d Core/Src/freertos.o
 .debug_macro   0x0000000000002e5a      0x11f Core/Src/freertos.o
 .debug_macro   0x0000000000002f79    0x19d99 Core/Src/freertos.o
 .debug_macro   0x000000000001cd12       0x43 Core/Src/freertos.o
 .debug_macro   0x000000000001cd55     0x3820 Core/Src/freertos.o
 .debug_macro   0x0000000000020575       0x5a Core/Src/freertos.o
 .debug_macro   0x00000000000205cf     0x1519 Core/Src/freertos.o
 .debug_macro   0x0000000000021ae8      0x59e Core/Src/freertos.o
 .debug_macro   0x0000000000022086      0x241 Core/Src/freertos.o
 .debug_macro   0x00000000000222c7      0x13d Core/Src/freertos.o
 .debug_macro   0x0000000000022404      0x17d Core/Src/freertos.o
 .debug_macro   0x0000000000022581      0x26b Core/Src/freertos.o
 .debug_macro   0x00000000000227ec      0x29c Core/Src/freertos.o
 .debug_macro   0x0000000000022a88      0x236 Core/Src/freertos.o
 .debug_macro   0x0000000000022cbe      0x36e Core/Src/freertos.o
 .debug_macro   0x000000000002302c       0xe4 Core/Src/freertos.o
 .debug_macro   0x0000000000023110      0x22c Core/Src/freertos.o
 .debug_macro   0x000000000002333c       0x5e Core/Src/freertos.o
 .debug_macro   0x000000000002339a       0xa5 Core/Src/freertos.o
 .debug_macro   0x000000000002343f      0x122 Core/Src/freertos.o
 .debug_macro   0x0000000000023561      0x3d4 Core/Src/freertos.o
 .debug_macro   0x0000000000023935      0x2a3 Core/Src/freertos.o
 .debug_macro   0x0000000000023bd8      0x2fe Core/Src/freertos.o
 .debug_macro   0x0000000000023ed6      0x9f7 Core/Src/freertos.o
 .debug_macro   0x00000000000248cd      0x1e7 Core/Src/freertos.o
 .debug_macro   0x0000000000024ab4      0x57b Core/Src/freertos.o
 .debug_macro   0x000000000002502f       0x44 Core/Src/freertos.o
 .debug_macro   0x0000000000025073      0x1f4 Core/Src/freertos.o
 .debug_macro   0x0000000000025267       0xac Core/Src/freertos.o
 .debug_macro   0x0000000000025313      0x349 Core/Src/freertos.o
 .debug_macro   0x000000000002565c      0x444 Core/Src/freertos.o
 .debug_macro   0x0000000000025aa0      0x2f8 Core/Src/main.o
 .debug_macro   0x0000000000025d98       0xd6 Core/Src/main.o
 .debug_macro   0x0000000000025e6e       0x91 Core/Src/main.o
 .debug_macro   0x0000000000025eff       0x8d Core/Src/main.o
 .debug_macro   0x0000000000025f8c       0x7e Core/Src/main.o
 .debug_macro   0x000000000002600a       0x19 Core/Src/main.o
 .debug_macro   0x0000000000026023       0xf2 Core/Src/main.o
 .debug_macro   0x0000000000026115      0x245 Core/Src/stm32l4xx_hal_msp.o
 .debug_macro   0x000000000002635a      0x236 Core/Src/stm32l4xx_hal_timebase_tim.o
 .debug_macro   0x0000000000026590      0x2b7 Core/Src/stm32l4xx_it.o
 .debug_macro   0x0000000000026847      0x23c Core/Src/system_stm32l4xx.o
 .debug_macro   0x0000000000026a83      0x284 Drivers/STM32L4xx_HAL_Driver/Src/stm32l4xx_hal.o
 .debug_macro   0x0000000000026d07      0x236 Drivers/STM32L4xx_HAL_Driver/Src/stm32l4xx_hal_cortex.o
 .debug_macro   0x0000000000026f3d      0x25a Drivers/STM32L4xx_HAL_Driver/Src/stm32l4xx_hal_dfsdm.o
 .debug_macro   0x0000000000027197      0x275 Drivers/STM32L4xx_HAL_Driver/Src/stm32l4xx_hal_gpio.o
 .debug_macro   0x000000000002740c      0x2fb Drivers/STM32L4xx_HAL_Driver/Src/stm32l4xx_hal_i2c.o
 .debug_macro   0x0000000000027707      0x236 Drivers/STM32L4xx_HAL_Driver/Src/stm32l4xx_hal_i2c_ex.o
 .debug_macro   0x000000000002793d      0x242 Drivers/STM32L4xx_HAL_Driver/Src/stm32l4xx_hal_pcd.o
 .debug_macro   0x0000000000027b7f      0x236 Drivers/STM32L4xx_HAL_Driver/Src/stm32l4xx_hal_pcd_ex.o
 .debug_macro   0x0000000000027db5      0x24e Drivers/STM32L4xx_HAL_Driver/Src/stm32l4xx_hal_pwr.o
 .debug_macro   0x0000000000028003      0x25a Drivers/STM32L4xx_HAL_Driver/Src/stm32l4xx_hal_pwr_ex.o
 .debug_macro   0x000000000002825d      0x25a Drivers/STM32L4xx_HAL_Driver/Src/stm32l4xx_hal_qspi.o
 .debug_macro   0x00000000000284b7      0x278 Drivers/STM32L4xx_HAL_Driver/Src/stm32l4xx_hal_rcc.o
 .debug_macro   0x000000000002872f      0x26c Drivers/STM32L4xx_HAL_Driver/Src/stm32l4xx_hal_rcc_ex.o
 .debug_macro   0x000000000002899b      0x23e Drivers/STM32L4xx_HAL_Driver/Src/stm32l4xx_hal_spi.o
 .debug_macro   0x0000000000028bd9      0x237 Drivers/STM32L4xx_HAL_Driver/Src/stm32l4xx_hal_tim.o
 .debug_macro   0x0000000000028e10      0x236 Drivers/STM32L4xx_HAL_Driver/Src/stm32l4xx_hal_tim_ex.o
 .debug_macro   0x0000000000029046      0x261 Drivers/STM32L4xx_HAL_Driver/Src/stm32l4xx_hal_uart.o
 .debug_macro   0x00000000000292a7      0x236 Drivers/STM32L4xx_HAL_Driver/Src/stm32l4xx_ll_usb.o
 .debug_macro   0x00000000000294dd      0x1f1 Middlewares/Third_Party/FreeRTOS/Source/CMSIS_RTOS/cmsis_os.o
 .debug_macro   0x00000000000296ce       0x10 Middlewares/Third_Party/FreeRTOS/Source/CMSIS_RTOS/cmsis_os.o
 .debug_macro   0x00000000000296de       0x20 Middlewares/Third_Party/FreeRTOS/Source/CMSIS_RTOS/cmsis_os.o
 .debug_macro   0x00000000000296fe       0xc7 Middlewares/Third_Party/FreeRTOS/Source/CMSIS_RTOS/cmsis_os.o
 .debug_macro   0x00000000000297c5      0x17a Middlewares/Third_Party/FreeRTOS/Source/list.o
 .debug_macro   0x000000000002993f      0x273 Middlewares/Third_Party/FreeRTOS/Source/tasks.o
 .debug_macro   0x0000000000029bb2       0x10 Middlewares/Third_Party/FreeRTOS/Source/tasks.o
 .debug_macro   0x0000000000029bc2      0x196 Middlewares/Third_Party/FreeRTOS/Source/portable/GCC/ARM_CM4F/port.o
 .debug_macro   0x0000000000029d58      0x1a1 Middlewares/Third_Party/FreeRTOS/Source/portable/MemMang/heap_4.o

.debug_line     0x0000000000000000    0x16cb1
 .debug_line    0x0000000000000000      0x8b0 Core/Src/freertos.o
 .debug_line    0x00000000000008b0      0xb69 Core/Src/main.o
 .debug_line    0x0000000000001419      0x904 Core/Src/stm32l4xx_hal_msp.o
 .debug_line    0x0000000000001d1d      0x7ea Core/Src/stm32l4xx_hal_timebase_tim.o
 .debug_line    0x0000000000002507      0x966 Core/Src/stm32l4xx_it.o
 .debug_line    0x0000000000002e6d      0x7e1 Core/Src/system_stm32l4xx.o
 .debug_line    0x000000000000364e       0x85 Core/Startup/startup_stm32l475vgtx.o
 .debug_line    0x00000000000036d3      0xa54 Drivers/STM32L4xx_HAL_Driver/Src/stm32l4xx_hal.o
 .debug_line    0x0000000000004127      0xadf Drivers/STM32L4xx_HAL_Driver/Src/stm32l4xx_hal_cortex.o
 .debug_line    0x0000000000004c06     0x122e Drivers/STM32L4xx_HAL_Driver/Src/stm32l4xx_hal_dfsdm.o
 .debug_line    0x0000000000005e34      0x974 Drivers/STM32L4xx_HAL_Driver/Src/stm32l4xx_hal_gpio.o
 .debug_line    0x00000000000067a8     0x1b2c Drivers/STM32L4xx_HAL_Driver/Src/stm32l4xx_hal_i2c.o
 .debug_line    0x00000000000082d4      0x8fa Drivers/STM32L4xx_HAL_Driver/Src/stm32l4xx_hal_i2c_ex.o
 .debug_line    0x0000000000008bce      0xcc2 Drivers/STM32L4xx_HAL_Driver/Src/stm32l4xx_hal_pcd.o
 .debug_line    0x0000000000009890      0x8a1 Drivers/STM32L4xx_HAL_Driver/Src/stm32l4xx_hal_pcd_ex.o
 .debug_line    0x000000000000a131      0x8f1 Drivers/STM32L4xx_HAL_Driver/Src/stm32l4xx_hal_pwr.o
 .debug_line    0x000000000000aa22      0xb52 Drivers/STM32L4xx_HAL_Driver/Src/stm32l4xx_hal_pwr_ex.o
 .debug_line    0x000000000000b574      0xe39 Drivers/STM32L4xx_HAL_Driver/Src/stm32l4xx_hal_qspi.o
 .debug_line    0x000000000000c3ad      0xabb Drivers/STM32L4xx_HAL_Driver/Src/stm32l4xx_hal_rcc.o
 .debug_line    0x000000000000ce68      0xd3c Drivers/STM32L4xx_HAL_Driver/Src/stm32l4xx_hal_rcc_ex.o
 .debug_line    0x000000000000dba4     0x1230 Drivers/STM32L4xx_HAL_Driver/Src/stm32l4xx_hal_spi.o
 .debug_line    0x000000000000edd4     0x1c51 Drivers/STM32L4xx_HAL_Driver/Src/stm32l4xx_hal_tim.o
 .debug_line    0x0000000000010a25      0xea2 Drivers/STM32L4xx_HAL_Driver/Src/stm32l4xx_hal_tim_ex.o
 .debug_line    0x00000000000118c7     0x12cf Drivers/STM32L4xx_HAL_Driver/Src/stm32l4xx_hal_uart.o
 .debug_line    0x0000000000012b96      0xe87 Drivers/STM32L4xx_HAL_Driver/Src/stm32l4xx_ll_usb.o
 .debug_line    0x0000000000013a1d      0xcc0 Middlewares/Third_Party/FreeRTOS/Source/CMSIS_RTOS/cmsis_os.o
 .debug_line    0x00000000000146dd      0x66c Middlewares/Third_Party/FreeRTOS/Source/list.o
 .debug_line    0x0000000000014d49     0x1173 Middlewares/Third_Party/FreeRTOS/Source/tasks.o
 .debug_line    0x0000000000015ebc      0x6a3 Middlewares/Third_Party/FreeRTOS/Source/portable/GCC/ARM_CM4F/port.o
 .debug_line    0x000000000001655f      0x752 Middlewares/Third_Party/FreeRTOS/Source/portable/MemMang/heap_4.o

.debug_str      0x0000000000000000   0x102f89
 .debug_str     0x0000000000000000    0xf2fd6 Core/Src/freertos.o
                                      0xf32c8 (size before relaxing)
 .debug_str     0x00000000000f2fd6     0x3d9b Core/Src/main.o
                                      0xf72b8 (size before relaxing)
 .debug_str     0x00000000000f6d71      0x132 Core/Src/stm32l4xx_hal_msp.o
                                      0xf0e80 (size before relaxing)
 .debug_str     0x00000000000f6ea3       0x98 Core/Src/stm32l4xx_hal_timebase_tim.o
                                      0xeef07 (size before relaxing)
 .debug_str     0x00000000000f6f3b       0xba Core/Src/stm32l4xx_it.o
                                      0xf3618 (size before relaxing)
 .debug_str     0x00000000000f6ff5       0xcd Core/Src/system_stm32l4xx.o
                                      0xee610 (size before relaxing)
 .debug_str     0x00000000000f70c2       0x6a Core/Startup/startup_stm32l475vgtx.o
 .debug_str     0x00000000000f712c      0x55c Drivers/STM32L4xx_HAL_Driver/Src/stm32l4xx_hal.o
                                      0xef0de (size before relaxing)
 .debug_str     0x00000000000f7688      0x389 Drivers/STM32L4xx_HAL_Driver/Src/stm32l4xx_hal_cortex.o
                                      0xeee5a (size before relaxing)
 .debug_str     0x00000000000f7a11      0xc1f Drivers/STM32L4xx_HAL_Driver/Src/stm32l4xx_hal_dfsdm.o
                                      0xef4d9 (size before relaxing)
 .debug_str     0x00000000000f8630      0x236 Drivers/STM32L4xx_HAL_Driver/Src/stm32l4xx_hal_gpio.o
                                      0xee88f (size before relaxing)
 .debug_str     0x00000000000f8866      0xce7 Drivers/STM32L4xx_HAL_Driver/Src/stm32l4xx_hal_i2c.o
                                      0xef6ce (size before relaxing)
 .debug_str     0x00000000000f954d       0xb8 Drivers/STM32L4xx_HAL_Driver/Src/stm32l4xx_hal_i2c_ex.o
                                      0xeeb19 (size before relaxing)
 .debug_str     0x00000000000f9605      0x531 Drivers/STM32L4xx_HAL_Driver/Src/stm32l4xx_hal_pcd.o
                                      0xeed74 (size before relaxing)
 .debug_str     0x00000000000f9b36      0x1b4 Drivers/STM32L4xx_HAL_Driver/Src/stm32l4xx_hal_pcd_ex.o
                                      0xee9ec (size before relaxing)
 .debug_str     0x00000000000f9cea      0x2f1 Drivers/STM32L4xx_HAL_Driver/Src/stm32l4xx_hal_pwr.o
                                      0xee927 (size before relaxing)
 .debug_str     0x00000000000f9fdb      0x411 Drivers/STM32L4xx_HAL_Driver/Src/stm32l4xx_hal_pwr_ex.o
                                      0xeeafe (size before relaxing)
 .debug_str     0x00000000000fa3ec      0x6b3 Drivers/STM32L4xx_HAL_Driver/Src/stm32l4xx_hal_qspi.o
                                      0xeeeef (size before relaxing)
 .debug_str     0x00000000000faa9f      0x3a0 Drivers/STM32L4xx_HAL_Driver/Src/stm32l4xx_hal_rcc.o
                                      0xeebd2 (size before relaxing)
 .debug_str     0x00000000000fae3f      0x3a6 Drivers/STM32L4xx_HAL_Driver/Src/stm32l4xx_hal_rcc_ex.o
                                      0xeed63 (size before relaxing)
 .debug_str     0x00000000000fb1e5      0x523 Drivers/STM32L4xx_HAL_Driver/Src/stm32l4xx_hal_spi.o
                                      0xeeda2 (size before relaxing)
 .debug_str     0x00000000000fb708      0xd7e Drivers/STM32L4xx_HAL_Driver/Src/stm32l4xx_hal_tim.o
                                      0xef68a (size before relaxing)
 .debug_str     0x00000000000fc486      0x606 Drivers/STM32L4xx_HAL_Driver/Src/stm32l4xx_hal_tim_ex.o
                                      0xeefab (size before relaxing)
 .debug_str     0x00000000000fca8c      0x7bf Drivers/STM32L4xx_HAL_Driver/Src/stm32l4xx_hal_uart.o
                                      0xef169 (size before relaxing)
 .debug_str     0x00000000000fd24b      0x676 Drivers/STM32L4xx_HAL_Driver/Src/stm32l4xx_ll_usb.o
                                      0xeeecb (size before relaxing)
 .debug_str     0x00000000000fd8c1     0x3793 Middlewares/Third_Party/FreeRTOS/Source/CMSIS_RTOS/cmsis_os.o
                                       0xdda7 (size before relaxing)
 .debug_str     0x0000000000101054      0x225 Middlewares/Third_Party/FreeRTOS/Source/list.o
                                       0xa4ef (size before relaxing)
 .debug_str     0x0000000000101279     0x12b3 Middlewares/Third_Party/FreeRTOS/Source/tasks.o
                                       0xc6dc (size before relaxing)
 .debug_str     0x000000000010252c      0x803 Middlewares/Third_Party/FreeRTOS/Source/portable/GCC/ARM_CM4F/port.o
                                       0x81e8 (size before relaxing)
 .debug_str     0x0000000000102d2f      0x25a Middlewares/Third_Party/FreeRTOS/Source/portable/MemMang/heap_4.o
                                       0xac12 (size before relaxing)

.comment        0x0000000000000000       0x7b
 .comment       0x0000000000000000       0x7b Core/Src/freertos.o
                                         0x7c (size before relaxing)
 .comment       0x000000000000007b       0x7c Core/Src/main.o
 .comment       0x000000000000007b       0x7c Core/Src/stm32l4xx_hal_msp.o
 .comment       0x000000000000007b       0x7c Core/Src/stm32l4xx_hal_timebase_tim.o
 .comment       0x000000000000007b       0x7c Core/Src/stm32l4xx_it.o
 .comment       0x000000000000007b       0x7c Core/Src/system_stm32l4xx.o
 .comment       0x000000000000007b       0x7c Drivers/STM32L4xx_HAL_Driver/Src/stm32l4xx_hal.o
 .comment       0x000000000000007b       0x7c Drivers/STM32L4xx_HAL_Driver/Src/stm32l4xx_hal_cortex.o
 .comment       0x000000000000007b       0x7c Drivers/STM32L4xx_HAL_Driver/Src/stm32l4xx_hal_dfsdm.o
 .comment       0x000000000000007b       0x7c Drivers/STM32L4xx_HAL_Driver/Src/stm32l4xx_hal_gpio.o
 .comment       0x000000000000007b       0x7c Drivers/STM32L4xx_HAL_Driver/Src/stm32l4xx_hal_i2c.o
 .comment       0x000000000000007b       0x7c Drivers/STM32L4xx_HAL_Driver/Src/stm32l4xx_hal_i2c_ex.o
 .comment       0x000000000000007b       0x7c Drivers/STM32L4xx_HAL_Driver/Src/stm32l4xx_hal_pcd.o
 .comment       0x000000000000007b       0x7c Drivers/STM32L4xx_HAL_Driver/Src/stm32l4xx_hal_pcd_ex.o
 .comment       0x000000000000007b       0x7c Drivers/STM32L4xx_HAL_Driver/Src/stm32l4xx_hal_pwr.o
 .comment       0x000000000000007b       0x7c Drivers/STM32L4xx_HAL_Driver/Src/stm32l4xx_hal_pwr_ex.o
 .comment       0x000000000000007b       0x7c Drivers/STM32L4xx_HAL_Driver/Src/stm32l4xx_hal_qspi.o
 .comment       0x000000000000007b       0x7c Drivers/STM32L4xx_HAL_Driver/Src/stm32l4xx_hal_rcc.o
 .comment       0x000000000000007b       0x7c Drivers/STM32L4xx_HAL_Driver/Src/stm32l4xx_hal_rcc_ex.o
 .comment       0x000000000000007b       0x7c Drivers/STM32L4xx_HAL_Driver/Src/stm32l4xx_hal_spi.o
 .comment       0x000000000000007b       0x7c Drivers/STM32L4xx_HAL_Driver/Src/stm32l4xx_hal_tim.o
 .comment       0x000000000000007b       0x7c Drivers/STM32L4xx_HAL_Driver/Src/stm32l4xx_hal_tim_ex.o
 .comment       0x000000000000007b       0x7c Drivers/STM32L4xx_HAL_Driver/Src/stm32l4xx_hal_uart.o
 .comment       0x000000000000007b       0x7c Drivers/STM32L4xx_HAL_Driver/Src/stm32l4xx_ll_usb.o
 .comment       0x000000000000007b       0x7c Middlewares/Third_Party/FreeRTOS/Source/CMSIS_RTOS/cmsis_os.o
 .comment       0x000000000000007b       0x7c Middlewares/Third_Party/FreeRTOS/Source/list.o
 .comment       0x000000000000007b       0x7c Middlewares/Third_Party/FreeRTOS/Source/tasks.o
 .comment       0x000000000000007b       0x7c Middlewares/Third_Party/FreeRTOS/Source/portable/GCC/ARM_CM4F/port.o
 .comment       0x000000000000007b       0x7c Middlewares/Third_Party/FreeRTOS/Source/portable/MemMang/heap_4.o

.debug_frame    0x0000000000000000     0x84bc
 .debug_frame   0x0000000000000000       0x38 Core/Src/freertos.o
 .debug_frame   0x0000000000000038      0x1ec Core/Src/main.o
 .debug_frame   0x0000000000000224      0x1e4 Core/Src/stm32l4xx_hal_msp.o
 .debug_frame   0x0000000000000408       0x74 Core/Src/stm32l4xx_hal_timebase_tim.o
 .debug_frame   0x000000000000047c      0x104 Core/Src/stm32l4xx_it.o
 .debug_frame   0x0000000000000580       0x58 Core/Src/system_stm32l4xx.o
 .debug_frame   0x00000000000005d8      0x498 Drivers/STM32L4xx_HAL_Driver/Src/stm32l4xx_hal.o
 .debug_frame   0x0000000000000a70      0x498 Drivers/STM32L4xx_HAL_Driver/Src/stm32l4xx_hal_cortex.o
 .debug_frame   0x0000000000000f08      0xa78 Drivers/STM32L4xx_HAL_Driver/Src/stm32l4xx_hal_dfsdm.o
 .debug_frame   0x0000000000001980      0x14c Drivers/STM32L4xx_HAL_Driver/Src/stm32l4xx_hal_gpio.o
 .debug_frame   0x0000000000001acc      0xbc0 Drivers/STM32L4xx_HAL_Driver/Src/stm32l4xx_hal_i2c.o
 .debug_frame   0x000000000000268c      0x100 Drivers/STM32L4xx_HAL_Driver/Src/stm32l4xx_hal_i2c_ex.o
 .debug_frame   0x000000000000278c      0x544 Drivers/STM32L4xx_HAL_Driver/Src/stm32l4xx_hal_pcd.o
 .debug_frame   0x0000000000002cd0      0x174 Drivers/STM32L4xx_HAL_Driver/Src/stm32l4xx_hal_pcd_ex.o
 .debug_frame   0x0000000000002e44      0x230 Drivers/STM32L4xx_HAL_Driver/Src/stm32l4xx_hal_pwr.o
 .debug_frame   0x0000000000003074      0x524 Drivers/STM32L4xx_HAL_Driver/Src/stm32l4xx_hal_pwr_ex.o
 .debug_frame   0x0000000000003598      0x658 Drivers/STM32L4xx_HAL_Driver/Src/stm32l4xx_hal_qspi.o
 .debug_frame   0x0000000000003bf0      0x1f4 Drivers/STM32L4xx_HAL_Driver/Src/stm32l4xx_hal_rcc.o
 .debug_frame   0x0000000000003de4      0x2fc Drivers/STM32L4xx_HAL_Driver/Src/stm32l4xx_hal_rcc_ex.o
 .debug_frame   0x00000000000040e0      0x860 Drivers/STM32L4xx_HAL_Driver/Src/stm32l4xx_hal_spi.o
 .debug_frame   0x0000000000004940     0x1148 Drivers/STM32L4xx_HAL_Driver/Src/stm32l4xx_hal_tim.o
 .debug_frame   0x0000000000005a88      0x638 Drivers/STM32L4xx_HAL_Driver/Src/stm32l4xx_hal_tim_ex.o
 .debug_frame   0x00000000000060c0      0x8fc Drivers/STM32L4xx_HAL_Driver/Src/stm32l4xx_hal_uart.o
 .debug_frame   0x00000000000069bc      0x78c Drivers/STM32L4xx_HAL_Driver/Src/stm32l4xx_ll_usb.o
 .debug_frame   0x0000000000007148      0x80c Middlewares/Third_Party/FreeRTOS/Source/CMSIS_RTOS/cmsis_os.o
 .debug_frame   0x0000000000007954       0xd8 Middlewares/Third_Party/FreeRTOS/Source/list.o
 .debug_frame   0x0000000000007a2c      0x734 Middlewares/Third_Party/FreeRTOS/Source/tasks.o